[     439ms] [WARNING] The resource https://v2payroll.kedebahlite.com/build/assets/app-BDow-Spr.css was preloaded using link preload but not used within a few seconds from the window's load event. Please make sure it has an appropriate `as` value and it is preloaded intentionally. @ https://v2payroll.kedebahlite.com/payroll/11/approval:0
[     440ms] [WARNING] The resource https://v2payroll.kedebahlite.com/build/assets/main-swWEpL5L.css was preloaded using link preload but not used within a few seconds from the window's load event. Please make sure it has an appropriate `as` value and it is preloaded intentionally. @ https://v2payroll.kedebahlite.com/payroll/11/approval:0
[    5780ms] [WARNING] Echo/Reverb not initialized: Missing VITE_REVERB_APP_KEY or VITE_REVERB_HOST @ https://v2.kedebahlite.com/build/assets/app-CuEKjsQq.js:8
[   17880ms] [VERBOSE] [DOM] Input elements should have autocomplete attributes (suggested: "username"): (More info: https://goo.gl/9p2vKq) %o @ https://v2.kedebahlite.com/clients/sign-in:0
[   54238ms] [ERROR] Failed to load resource: the server responded with a status of 409 () @ https://v2.kedebahlite.com/R-4833-O45/clients/select-module:0
[   56362ms] [ERROR] Failed to load resource: the server responded with a status of 401 () @ https://v2payroll.kedebahlite.com/api/v1/payrollApi/user:0
[   57174ms] [ERROR] Failed to load resource: the server responded with a status of 401 () @ https://v2payroll.kedebahlite.com/api/v1/payrollApi/user:0
[   62427ms] [WARNING] Echo/Reverb not initialized: Missing VITE_REVERB_APP_KEY or VITE_REVERB_HOST @ https://v2.kedebahlite.com/build/assets/app-CuEKjsQq.js:8
[   70337ms] [ERROR] Failed to load resource: the server responded with a status of 409 () @ https://v2.kedebahlite.com/R-4833-O45/clients/select-module:0
[   81744ms] [WARNING] Failed to decode downloaded font: https://v2payroll.kedebahlite.com/build/icon-fonts/RemixIcons/fonts/remixicon.woff2?t=1708865856766 @ https://v2payroll.kedebahlite.com/dashboard:0
[   81744ms] [WARNING] OTS parsing error: invalid sfntVersion: 1008813135 @ https://v2payroll.kedebahlite.com/dashboard:0
[   82699ms] [ERROR] Failed to load resource: the server responded with a status of 403 () @ https://v2payroll.kedebahlite.com/api/v1/payrollApi/organization-data:0
[   82700ms] [ERROR] Failed to fetch organization data: {is422: false, message: You do not have permission to perform this action, errors: Object, data: Object} @ https://v2payroll.kedebahlite.com/build/assets/main-B7w2q8Ph.js:1
[   82767ms] [WARNING] Failed to decode downloaded font: https://v2payroll.kedebahlite.com/build/icon-fonts/RemixIcons/fonts/remixicon.woff?t=1708865856766 @ https://v2payroll.kedebahlite.com/dashboard:0
[   82767ms] [WARNING] OTS parsing error: invalid sfntVersion: 1008813135 @ https://v2payroll.kedebahlite.com/dashboard:0
[   83796ms] [WARNING] Failed to decode downloaded font: https://v2payroll.kedebahlite.com/build/icon-fonts/RemixIcons/fonts/remixicon.ttf?t=1708865856766 @ https://v2payroll.kedebahlite.com/dashboard:0
[   83796ms] [WARNING] OTS parsing error: invalid sfntVersion: 1008813135 @ https://v2payroll.kedebahlite.com/dashboard:0
[   84644ms] [ERROR] Failed to load resource: the server responded with a status of 403 () @ https://v2payroll.kedebahlite.com/api/v1/payrollApi/organization-data:0
[   84645ms] [ERROR] Failed to fetch organization data: {is422: false, message: You do not have permission to perform this action, errors: Object, data: Object} @ https://v2payroll.kedebahlite.com/build/assets/main-B7w2q8Ph.js:1
[   84646ms] [ERROR] Failed to resolve organization currency: {is422: false, message: You do not have permission to perform this action, errors: Object, data: Object} @ https://v2payroll.kedebahlite.com/build/assets/main-B7w2q8Ph.js:1
