[    7776ms] [WARNING] Failed to decode downloaded font: https://v2payroll.kedebahlite.com/build/icon-fonts/RemixIcons/fonts/remixicon.woff2?t=1708865856766 @ https://v2payroll.kedebahlite.com/employees/3:0
[    7776ms] [WARNING] OTS parsing error: invalid sfntVersion: 1008813135 @ https://v2payroll.kedebahlite.com/employees/3:0
[    9092ms] [WARNING] Failed to decode downloaded font: https://v2payroll.kedebahlite.com/build/icon-fonts/RemixIcons/fonts/remixicon.woff?t=1708865856766 @ https://v2payroll.kedebahlite.com/employees/3:0
[    9092ms] [WARNING] OTS parsing error: invalid sfntVersion: 1008813135 @ https://v2payroll.kedebahlite.com/employees/3:0
[   10360ms] [WARNING] Failed to decode downloaded font: https://v2payroll.kedebahlite.com/build/icon-fonts/RemixIcons/fonts/remixicon.ttf?t=1708865856766 @ https://v2payroll.kedebahlite.com/employees/3:0
[   10360ms] [WARNING] OTS parsing error: invalid sfntVersion: 1008813135 @ https://v2payroll.kedebahlite.com/employees/3:0
[   61438ms] [WARNING] Failed to decode downloaded font: https://v2payroll.kedebahlite.com/build/icon-fonts/RemixIcons/fonts/remixicon.woff2?t=1708865856766 @ https://v2payroll.kedebahlite.com/employees/3:0
[   61438ms] [WARNING] OTS parsing error: invalid sfntVersion: 1008813135 @ https://v2payroll.kedebahlite.com/employees/3:0
[   61439ms] [WARNING] Failed to decode downloaded font: https://v2payroll.kedebahlite.com/build/icon-fonts/RemixIcons/fonts/remixicon.woff?t=1708865856766 @ https://v2payroll.kedebahlite.com/employees/3:0
[   61439ms] [WARNING] OTS parsing error: invalid sfntVersion: 1008813135 @ https://v2payroll.kedebahlite.com/employees/3:0
[   61439ms] [WARNING] Failed to decode downloaded font: https://v2payroll.kedebahlite.com/build/icon-fonts/RemixIcons/fonts/remixicon.ttf?t=1708865856766 @ https://v2payroll.kedebahlite.com/employees/3:0
[   61439ms] [WARNING] OTS parsing error: invalid sfntVersion: 1008813135 @ https://v2payroll.kedebahlite.com/employees/3:0
[   61495ms] [WARNING] Failed to decode downloaded font: https://v2payroll.kedebahlite.com/build/icon-fonts/RemixIcons/fonts/remixicon.woff2?t=1708865856766 @ https://v2payroll.kedebahlite.com/employees/3:0
[   61495ms] [WARNING] OTS parsing error: invalid sfntVersion: 1008813135 @ https://v2payroll.kedebahlite.com/employees/3:0
[   61495ms] [WARNING] Failed to decode downloaded font: https://v2payroll.kedebahlite.com/build/icon-fonts/RemixIcons/fonts/remixicon.woff?t=1708865856766 @ https://v2payroll.kedebahlite.com/employees/3:0
[   61495ms] [WARNING] OTS parsing error: invalid sfntVersion: 1008813135 @ https://v2payroll.kedebahlite.com/employees/3:0
[   61495ms] [WARNING] Failed to decode downloaded font: https://v2payroll.kedebahlite.com/build/icon-fonts/RemixIcons/fonts/remixicon.ttf?t=1708865856766 @ https://v2payroll.kedebahlite.com/employees/3:0
[   61495ms] [WARNING] OTS parsing error: invalid sfntVersion: 1008813135 @ https://v2payroll.kedebahlite.com/employees/3:0
[   62852ms] [WARNING] Failed to decode downloaded font: https://v2payroll.kedebahlite.com/build/icon-fonts/bootstrap-icons/icons/font/fonts/bootstrap-icons.woff2?2820a3852bdb9a5832199cc61cec4e65 @ https://v2payroll.kedebahlite.com/employees/3:0
[   62853ms] [WARNING] OTS parsing error: invalid sfntVersion: 1008813135 @ https://v2payroll.kedebahlite.com/employees/3:0
[   62858ms] [WARNING] Failed to decode downloaded font: https://v2payroll.kedebahlite.com/build/icon-fonts/bootstrap-icons/icons/font/fonts/bootstrap-icons.woff2?2820a3852bdb9a5832199cc61cec4e65 @ https://v2payroll.kedebahlite.com/employees/3:0
[   62858ms] [WARNING] OTS parsing error: invalid sfntVersion: 1008813135 @ https://v2payroll.kedebahlite.com/employees/3:0
[   64054ms] [WARNING] Failed to decode downloaded font: https://v2payroll.kedebahlite.com/build/icon-fonts/bootstrap-icons/icons/font/fonts/bootstrap-icons.woff?2820a3852bdb9a5832199cc61cec4e65 @ https://v2payroll.kedebahlite.com/employees/3:0
[   64054ms] [WARNING] OTS parsing error: invalid sfntVersion: 1008813135 @ https://v2payroll.kedebahlite.com/employees/3:0
[   64054ms] [WARNING] Failed to decode downloaded font: https://v2payroll.kedebahlite.com/build/icon-fonts/bootstrap-icons/icons/font/fonts/bootstrap-icons.woff?2820a3852bdb9a5832199cc61cec4e65 @ https://v2payroll.kedebahlite.com/employees/3:0
[   64054ms] [WARNING] OTS parsing error: invalid sfntVersion: 1008813135 @ https://v2payroll.kedebahlite.com/employees/3:0
[   67057ms] [WARNING] The resource https://v2payroll.kedebahlite.com/build/assets/main-swWEpL5L.css was preloaded using link preload but not used within a few seconds from the window's load event. Please make sure it has an appropriate `as` value and it is preloaded intentionally. @ https://v2payroll.kedebahlite.com/employees/3:0
[   67057ms] [WARNING] The resource https://v2payroll.kedebahlite.com/build/assets/app-BDow-Spr.css was preloaded using link preload but not used within a few seconds from the window's load event. Please make sure it has an appropriate `as` value and it is preloaded intentionally. @ https://v2payroll.kedebahlite.com/employees/3:0
[  312080ms] [WARNING] The resource https://v2payroll.kedebahlite.com/build/assets/main-swWEpL5L.css was preloaded using link preload but not used within a few seconds from the window's load event. Please make sure it has an appropriate `as` value and it is preloaded intentionally. @ https://v2payroll.kedebahlite.com/employees/3:0
[  312080ms] [WARNING] The resource https://v2payroll.kedebahlite.com/build/assets/app-BDow-Spr.css was preloaded using link preload but not used within a few seconds from the window's load event. Please make sure it has an appropriate `as` value and it is preloaded intentionally. @ https://v2payroll.kedebahlite.com/employees/3:0
[ 1648736ms] [WARNING] The resource https://v2payroll.kedebahlite.com/build/assets/main-swWEpL5L.css was preloaded using link preload but not used within a few seconds from the window's load event. Please make sure it has an appropriate `as` value and it is preloaded intentionally. @ https://v2payroll.kedebahlite.com/employees/3:0
[ 1648736ms] [WARNING] The resource https://v2payroll.kedebahlite.com/build/assets/app-BDow-Spr.css was preloaded using link preload but not used within a few seconds from the window's load event. Please make sure it has an appropriate `as` value and it is preloaded intentionally. @ https://v2payroll.kedebahlite.com/employees/3:0
[ 1948598ms] [WARNING] The resource https://v2payroll.kedebahlite.com/build/assets/main-swWEpL5L.css was preloaded using link preload but not used within a few seconds from the window's load event. Please make sure it has an appropriate `as` value and it is preloaded intentionally. @ https://v2payroll.kedebahlite.com/employees/3:0
[ 1948598ms] [WARNING] The resource https://v2payroll.kedebahlite.com/build/assets/app-BDow-Spr.css was preloaded using link preload but not used within a few seconds from the window's load event. Please make sure it has an appropriate `as` value and it is preloaded intentionally. @ https://v2payroll.kedebahlite.com/employees/3:0
[ 2281491ms] [WARNING] The resource https://v2payroll.kedebahlite.com/build/assets/main-swWEpL5L.css was preloaded using link preload but not used within a few seconds from the window's load event. Please make sure it has an appropriate `as` value and it is preloaded intentionally. @ https://v2payroll.kedebahlite.com/employees/3:0
[ 2281492ms] [WARNING] The resource https://v2payroll.kedebahlite.com/build/assets/app-BDow-Spr.css was preloaded using link preload but not used within a few seconds from the window's load event. Please make sure it has an appropriate `as` value and it is preloaded intentionally. @ https://v2payroll.kedebahlite.com/employees/3:0
[ 5576794ms] [WARNING] The resource https://v2payroll.kedebahlite.com/build/assets/main-swWEpL5L.css was preloaded using link preload but not used within a few seconds from the window's load event. Please make sure it has an appropriate `as` value and it is preloaded intentionally. @ https://v2payroll.kedebahlite.com/employees/3:0
[ 5576794ms] [WARNING] The resource https://v2payroll.kedebahlite.com/build/assets/app-BDow-Spr.css was preloaded using link preload but not used within a few seconds from the window's load event. Please make sure it has an appropriate `as` value and it is preloaded intentionally. @ https://v2payroll.kedebahlite.com/employees/3:0
[ 8698569ms] [WARNING] The resource https://v2payroll.kedebahlite.com/build/assets/main-swWEpL5L.css was preloaded using link preload but not used within a few seconds from the window's load event. Please make sure it has an appropriate `as` value and it is preloaded intentionally. @ https://v2payroll.kedebahlite.com/employees/3:0
[ 8698569ms] [WARNING] The resource https://v2payroll.kedebahlite.com/build/assets/app-BDow-Spr.css was preloaded using link preload but not used within a few seconds from the window's load event. Please make sure it has an appropriate `as` value and it is preloaded intentionally. @ https://v2payroll.kedebahlite.com/employees/3:0
[10608184ms] [WARNING] The resource https://v2payroll.kedebahlite.com/build/assets/main-swWEpL5L.css was preloaded using link preload but not used within a few seconds from the window's load event. Please make sure it has an appropriate `as` value and it is preloaded intentionally. @ https://v2payroll.kedebahlite.com/employees/3:0
[10608184ms] [WARNING] The resource https://v2payroll.kedebahlite.com/build/assets/app-BDow-Spr.css was preloaded using link preload but not used within a few seconds from the window's load event. Please make sure it has an appropriate `as` value and it is preloaded intentionally. @ https://v2payroll.kedebahlite.com/employees/3:0
[10735032ms] [WARNING] The resource https://v2payroll.kedebahlite.com/build/assets/main-swWEpL5L.css was preloaded using link preload but not used within a few seconds from the window's load event. Please make sure it has an appropriate `as` value and it is preloaded intentionally. @ https://v2payroll.kedebahlite.com/dashboard:0
[10735032ms] [WARNING] The resource https://v2payroll.kedebahlite.com/build/assets/app-BDow-Spr.css was preloaded using link preload but not used within a few seconds from the window's load event. Please make sure it has an appropriate `as` value and it is preloaded intentionally. @ https://v2payroll.kedebahlite.com/dashboard:0
[10744510ms] [WARNING] The resource https://v2payroll.kedebahlite.com/build/assets/main-swWEpL5L.css was preloaded using link preload but not used within a few seconds from the window's load event. Please make sure it has an appropriate `as` value and it is preloaded intentionally. @ https://v2payroll.kedebahlite.com/dashboard:0
[10744510ms] [WARNING] The resource https://v2payroll.kedebahlite.com/build/assets/app-BDow-Spr.css was preloaded using link preload but not used within a few seconds from the window's load event. Please make sure it has an appropriate `as` value and it is preloaded intentionally. @ https://v2payroll.kedebahlite.com/dashboard:0
[10749463ms] [WARNING] Failed to decode downloaded font: https://v2payroll.kedebahlite.com/build/icon-fonts/RemixIcons/fonts/remixicon.woff2?t=1708865856766 @ https://v2payroll.kedebahlite.com/build/assets/main-B7w2q8Ph.js:1
[10749463ms] [WARNING] OTS parsing error: invalid sfntVersion: 1008813135 @ https://v2payroll.kedebahlite.com/build/assets/main-B7w2q8Ph.js:1
[10749463ms] [WARNING] Failed to decode downloaded font: https://v2payroll.kedebahlite.com/build/icon-fonts/RemixIcons/fonts/remixicon.woff?t=1708865856766 @ https://v2payroll.kedebahlite.com/build/assets/main-B7w2q8Ph.js:1
[10749463ms] [WARNING] OTS parsing error: invalid sfntVersion: 1008813135 @ https://v2payroll.kedebahlite.com/build/assets/main-B7w2q8Ph.js:1
[10749463ms] [WARNING] Failed to decode downloaded font: https://v2payroll.kedebahlite.com/build/icon-fonts/RemixIcons/fonts/remixicon.ttf?t=1708865856766 @ https://v2payroll.kedebahlite.com/build/assets/main-B7w2q8Ph.js:1
[10749463ms] [WARNING] OTS parsing error: invalid sfntVersion: 1008813135 @ https://v2payroll.kedebahlite.com/build/assets/main-B7w2q8Ph.js:1
[10749463ms] [WARNING] Failed to decode downloaded font: https://v2payroll.kedebahlite.com/build/icon-fonts/bootstrap-icons/icons/font/fonts/bootstrap-icons.woff2?2820a3852bdb9a5832199cc61cec4e65 @ https://v2payroll.kedebahlite.com/build/assets/main-B7w2q8Ph.js:1
[10749463ms] [WARNING] OTS parsing error: invalid sfntVersion: 1008813135 @ https://v2payroll.kedebahlite.com/build/assets/main-B7w2q8Ph.js:1
[10749463ms] [WARNING] Failed to decode downloaded font: https://v2payroll.kedebahlite.com/build/icon-fonts/bootstrap-icons/icons/font/fonts/bootstrap-icons.woff?2820a3852bdb9a5832199cc61cec4e65 @ https://v2payroll.kedebahlite.com/build/assets/main-B7w2q8Ph.js:1
[10749463ms] [WARNING] OTS parsing error: invalid sfntVersion: 1008813135 @ https://v2payroll.kedebahlite.com/build/assets/main-B7w2q8Ph.js:1
[10757219ms] [WARNING] The resource https://v2payroll.kedebahlite.com/build/assets/main-swWEpL5L.css was preloaded using link preload but not used within a few seconds from the window's load event. Please make sure it has an appropriate `as` value and it is preloaded intentionally. @ https://v2payroll.kedebahlite.com/employees:0
[10757219ms] [WARNING] The resource https://v2payroll.kedebahlite.com/build/assets/app-BDow-Spr.css was preloaded using link preload but not used within a few seconds from the window's load event. Please make sure it has an appropriate `as` value and it is preloaded intentionally. @ https://v2payroll.kedebahlite.com/employees:0
[10773215ms] [WARNING] The resource https://v2payroll.kedebahlite.com/build/assets/main-swWEpL5L.css was preloaded using link preload but not used within a few seconds from the window's load event. Please make sure it has an appropriate `as` value and it is preloaded intentionally. @ https://v2payroll.kedebahlite.com/employees:0
[10773215ms] [WARNING] The resource https://v2payroll.kedebahlite.com/build/assets/app-BDow-Spr.css was preloaded using link preload but not used within a few seconds from the window's load event. Please make sure it has an appropriate `as` value and it is preloaded intentionally. @ https://v2payroll.kedebahlite.com/employees:0
[10811380ms] [WARNING] The resource https://v2payroll.kedebahlite.com/build/assets/main-swWEpL5L.css was preloaded using link preload but not used within a few seconds from the window's load event. Please make sure it has an appropriate `as` value and it is preloaded intentionally. @ https://v2payroll.kedebahlite.com/employees/3:0
[10811380ms] [WARNING] The resource https://v2payroll.kedebahlite.com/build/assets/app-BDow-Spr.css was preloaded using link preload but not used within a few seconds from the window's load event. Please make sure it has an appropriate `as` value and it is preloaded intentionally. @ https://v2payroll.kedebahlite.com/employees/3:0
[10825233ms] [WARNING] The resource https://v2payroll.kedebahlite.com/build/assets/main-swWEpL5L.css was preloaded using link preload but not used within a few seconds from the window's load event. Please make sure it has an appropriate `as` value and it is preloaded intentionally. @ https://v2payroll.kedebahlite.com/employees/3:0
[10825233ms] [WARNING] The resource https://v2payroll.kedebahlite.com/build/assets/app-BDow-Spr.css was preloaded using link preload but not used within a few seconds from the window's load event. Please make sure it has an appropriate `as` value and it is preloaded intentionally. @ https://v2payroll.kedebahlite.com/employees/3:0
[10914171ms] [WARNING] The resource https://v2payroll.kedebahlite.com/build/assets/main-swWEpL5L.css was preloaded using link preload but not used within a few seconds from the window's load event. Please make sure it has an appropriate `as` value and it is preloaded intentionally. @ https://v2payroll.kedebahlite.com/employees/3:0
[10914172ms] [WARNING] The resource https://v2payroll.kedebahlite.com/build/assets/app-BDow-Spr.css was preloaded using link preload but not used within a few seconds from the window's load event. Please make sure it has an appropriate `as` value and it is preloaded intentionally. @ https://v2payroll.kedebahlite.com/employees/3:0
[11208370ms] [ERROR] Failed to load resource: net::ERR_INTERNET_DISCONNECTED @ https://v2payroll.kedebahlite.com/api/v1/payrollApi/dashboard/compliance-alerts:0
[11208376ms] [ERROR] Failed to load resource: net::ERR_INTERNET_DISCONNECTED @ https://v2payroll.kedebahlite.com/api/v1/payrollApi/dashboard/compliance-alerts:0
[11211376ms] [WARNING] The resource https://v2payroll.kedebahlite.com/build/assets/main-swWEpL5L.css was preloaded using link preload but not used within a few seconds from the window's load event. Please make sure it has an appropriate `as` value and it is preloaded intentionally. @ https://v2payroll.kedebahlite.com/employees/3:0
[11211376ms] [WARNING] The resource https://v2payroll.kedebahlite.com/build/assets/app-BDow-Spr.css was preloaded using link preload but not used within a few seconds from the window's load event. Please make sure it has an appropriate `as` value and it is preloaded intentionally. @ https://v2payroll.kedebahlite.com/employees/3:0
