[    2733ms] [WARNING] Echo/Reverb not initialized: Missing VITE_REVERB_APP_KEY or VITE_REVERB_HOST @ https://v2.kedebahlite.com/build/assets/app-CuEKjsQq.js:8
[    3177ms] [VERBOSE] [DOM] Input elements should have autocomplete attributes (suggested: "username"): (More info: https://goo.gl/9p2vKq) %o @ https://v2.kedebahlite.com/clients/sign-in:0
[   35924ms] [ERROR] Failed to load resource: the server responded with a status of 409 () @ https://v2.kedebahlite.com/R-4833-O45/clients/select-module:0
[   47629ms] [WARNING] Failed to decode downloaded font: https://v2payroll.kedebahlite.com/build/icon-fonts/RemixIcons/fonts/remixicon.woff2?t=1708865856766 @ https://v2payroll.kedebahlite.com/dashboard:0
[   47629ms] [WARNING] OTS parsing error: invalid sfntVersion: 1008813135 @ https://v2payroll.kedebahlite.com/dashboard:0
[   48657ms] [WARNING] Failed to decode downloaded font: https://v2payroll.kedebahlite.com/build/icon-fonts/RemixIcons/fonts/remixicon.woff?t=1708865856766 @ https://v2payroll.kedebahlite.com/dashboard:0
[   48657ms] [WARNING] OTS parsing error: invalid sfntVersion: 1008813135 @ https://v2payroll.kedebahlite.com/dashboard:0
[   49667ms] [WARNING] Failed to decode downloaded font: https://v2payroll.kedebahlite.com/build/icon-fonts/RemixIcons/fonts/remixicon.ttf?t=1708865856766 @ https://v2payroll.kedebahlite.com/dashboard:0
[   49667ms] [WARNING] OTS parsing error: invalid sfntVersion: 1008813135 @ https://v2payroll.kedebahlite.com/dashboard:0
[   64308ms] [WARNING] Failed to decode downloaded font: https://v2payroll.kedebahlite.com/build/icon-fonts/RemixIcons/fonts/remixicon.woff2?t=1708865856766 @ https://v2payroll.kedebahlite.com/dashboard:0
[   64309ms] [WARNING] OTS parsing error: invalid sfntVersion: 1008813135 @ https://v2payroll.kedebahlite.com/dashboard:0
[   64309ms] [WARNING] Failed to decode downloaded font: https://v2payroll.kedebahlite.com/build/icon-fonts/RemixIcons/fonts/remixicon.woff?t=1708865856766 @ https://v2payroll.kedebahlite.com/dashboard:0
[   64309ms] [WARNING] OTS parsing error: invalid sfntVersion: 1008813135 @ https://v2payroll.kedebahlite.com/dashboard:0
[   64309ms] [WARNING] Failed to decode downloaded font: https://v2payroll.kedebahlite.com/build/icon-fonts/RemixIcons/fonts/remixicon.ttf?t=1708865856766 @ https://v2payroll.kedebahlite.com/dashboard:0
[   64309ms] [WARNING] OTS parsing error: invalid sfntVersion: 1008813135 @ https://v2payroll.kedebahlite.com/dashboard:0
[   64339ms] [WARNING] Failed to decode downloaded font: https://v2payroll.kedebahlite.com/build/icon-fonts/RemixIcons/fonts/remixicon.woff2?t=1708865856766 @ https://v2payroll.kedebahlite.com/dashboard:0
[   64339ms] [WARNING] OTS parsing error: invalid sfntVersion: 1008813135 @ https://v2payroll.kedebahlite.com/dashboard:0
[   64339ms] [WARNING] Failed to decode downloaded font: https://v2payroll.kedebahlite.com/build/icon-fonts/RemixIcons/fonts/remixicon.woff?t=1708865856766 @ https://v2payroll.kedebahlite.com/dashboard:0
[   64339ms] [WARNING] OTS parsing error: invalid sfntVersion: 1008813135 @ https://v2payroll.kedebahlite.com/dashboard:0
[   64339ms] [WARNING] Failed to decode downloaded font: https://v2payroll.kedebahlite.com/build/icon-fonts/RemixIcons/fonts/remixicon.ttf?t=1708865856766 @ https://v2payroll.kedebahlite.com/dashboard:0
[   64339ms] [WARNING] OTS parsing error: invalid sfntVersion: 1008813135 @ https://v2payroll.kedebahlite.com/dashboard:0
[   64505ms] [WARNING] Failed to decode downloaded font: https://v2payroll.kedebahlite.com/build/icon-fonts/RemixIcons/fonts/remixicon.woff2?t=1708865856766 @ https://v2payroll.kedebahlite.com/build/assets/main-B7w2q8Ph.js:4
[   64505ms] [WARNING] OTS parsing error: invalid sfntVersion: 1008813135 @ https://v2payroll.kedebahlite.com/build/assets/main-B7w2q8Ph.js:4
[   64505ms] [WARNING] Failed to decode downloaded font: https://v2payroll.kedebahlite.com/build/icon-fonts/RemixIcons/fonts/remixicon.woff?t=1708865856766 @ https://v2payroll.kedebahlite.com/build/assets/main-B7w2q8Ph.js:4
[   64505ms] [WARNING] OTS parsing error: invalid sfntVersion: 1008813135 @ https://v2payroll.kedebahlite.com/build/assets/main-B7w2q8Ph.js:4
[   64505ms] [WARNING] Failed to decode downloaded font: https://v2payroll.kedebahlite.com/build/icon-fonts/RemixIcons/fonts/remixicon.ttf?t=1708865856766 @ https://v2payroll.kedebahlite.com/build/assets/main-B7w2q8Ph.js:4
[   64505ms] [WARNING] OTS parsing error: invalid sfntVersion: 1008813135 @ https://v2payroll.kedebahlite.com/build/assets/main-B7w2q8Ph.js:4
[   65286ms] [WARNING] Failed to decode downloaded font: https://v2payroll.kedebahlite.com/build/icon-fonts/bootstrap-icons/icons/font/fonts/bootstrap-icons.woff2?2820a3852bdb9a5832199cc61cec4e65 @ https://v2payroll.kedebahlite.com/dashboard:0
[   65286ms] [WARNING] OTS parsing error: invalid sfntVersion: 1008813135 @ https://v2payroll.kedebahlite.com/dashboard:0
[   65286ms] [WARNING] Failed to decode downloaded font: https://v2payroll.kedebahlite.com/build/icon-fonts/bootstrap-icons/icons/font/fonts/bootstrap-icons.woff2?2820a3852bdb9a5832199cc61cec4e65 @ https://v2payroll.kedebahlite.com/dashboard:0
[   65286ms] [WARNING] OTS parsing error: invalid sfntVersion: 1008813135 @ https://v2payroll.kedebahlite.com/dashboard:0
[   65286ms] [WARNING] Failed to decode downloaded font: https://v2payroll.kedebahlite.com/build/icon-fonts/bootstrap-icons/icons/font/fonts/bootstrap-icons.woff2?2820a3852bdb9a5832199cc61cec4e65 @ https://v2payroll.kedebahlite.com/dashboard:0
[   65286ms] [WARNING] OTS parsing error: invalid sfntVersion: 1008813135 @ https://v2payroll.kedebahlite.com/dashboard:0
[   66333ms] [WARNING] Failed to decode downloaded font: https://v2payroll.kedebahlite.com/build/icon-fonts/bootstrap-icons/icons/font/fonts/bootstrap-icons.woff?2820a3852bdb9a5832199cc61cec4e65 @ https://v2payroll.kedebahlite.com/dashboard:0
[   66333ms] [WARNING] OTS parsing error: invalid sfntVersion: 1008813135 @ https://v2payroll.kedebahlite.com/dashboard:0
[   66333ms] [WARNING] Failed to decode downloaded font: https://v2payroll.kedebahlite.com/build/icon-fonts/bootstrap-icons/icons/font/fonts/bootstrap-icons.woff?2820a3852bdb9a5832199cc61cec4e65 @ https://v2payroll.kedebahlite.com/dashboard:0
[   66333ms] [WARNING] OTS parsing error: invalid sfntVersion: 1008813135 @ https://v2payroll.kedebahlite.com/dashboard:0
[   66333ms] [WARNING] Failed to decode downloaded font: https://v2payroll.kedebahlite.com/build/icon-fonts/bootstrap-icons/icons/font/fonts/bootstrap-icons.woff?2820a3852bdb9a5832199cc61cec4e65 @ https://v2payroll.kedebahlite.com/dashboard:0
[   66334ms] [WARNING] OTS parsing error: invalid sfntVersion: 1008813135 @ https://v2payroll.kedebahlite.com/dashboard:0
[   68957ms] [WARNING] Failed to decode downloaded font: https://v2payroll.kedebahlite.com/build/icon-fonts/RemixIcons/fonts/remixicon.woff2?t=1708865856766 @ https://v2payroll.kedebahlite.com/dashboard:0
[   68957ms] [WARNING] OTS parsing error: invalid sfntVersion: 1008813135 @ https://v2payroll.kedebahlite.com/dashboard:0
[   68957ms] [WARNING] Failed to decode downloaded font: https://v2payroll.kedebahlite.com/build/icon-fonts/RemixIcons/fonts/remixicon.woff?t=1708865856766 @ https://v2payroll.kedebahlite.com/dashboard:0
[   68957ms] [WARNING] OTS parsing error: invalid sfntVersion: 1008813135 @ https://v2payroll.kedebahlite.com/dashboard:0
[   68957ms] [WARNING] Failed to decode downloaded font: https://v2payroll.kedebahlite.com/build/icon-fonts/RemixIcons/fonts/remixicon.ttf?t=1708865856766 @ https://v2payroll.kedebahlite.com/dashboard:0
[   68957ms] [WARNING] OTS parsing error: invalid sfntVersion: 1008813135 @ https://v2payroll.kedebahlite.com/dashboard:0
[   68957ms] [WARNING] Failed to decode downloaded font: https://v2payroll.kedebahlite.com/build/icon-fonts/bootstrap-icons/icons/font/fonts/bootstrap-icons.woff2?2820a3852bdb9a5832199cc61cec4e65 @ https://v2payroll.kedebahlite.com/dashboard:0
[   68957ms] [WARNING] OTS parsing error: invalid sfntVersion: 1008813135 @ https://v2payroll.kedebahlite.com/dashboard:0
[   68957ms] [WARNING] Failed to decode downloaded font: https://v2payroll.kedebahlite.com/build/icon-fonts/bootstrap-icons/icons/font/fonts/bootstrap-icons.woff?2820a3852bdb9a5832199cc61cec4e65 @ https://v2payroll.kedebahlite.com/dashboard:0
[   68957ms] [WARNING] OTS parsing error: invalid sfntVersion: 1008813135 @ https://v2payroll.kedebahlite.com/dashboard:0
[   68985ms] [WARNING] Failed to decode downloaded font: https://v2payroll.kedebahlite.com/build/icon-fonts/RemixIcons/fonts/remixicon.woff2?t=1708865856766 @ https://v2payroll.kedebahlite.com/dashboard:0
[   68985ms] [WARNING] OTS parsing error: invalid sfntVersion: 1008813135 @ https://v2payroll.kedebahlite.com/dashboard:0
[   68985ms] [WARNING] Failed to decode downloaded font: https://v2payroll.kedebahlite.com/build/icon-fonts/RemixIcons/fonts/remixicon.woff?t=1708865856766 @ https://v2payroll.kedebahlite.com/dashboard:0
[   68985ms] [WARNING] OTS parsing error: invalid sfntVersion: 1008813135 @ https://v2payroll.kedebahlite.com/dashboard:0
[   68985ms] [WARNING] Failed to decode downloaded font: https://v2payroll.kedebahlite.com/build/icon-fonts/RemixIcons/fonts/remixicon.ttf?t=1708865856766 @ https://v2payroll.kedebahlite.com/dashboard:0
[   68985ms] [WARNING] OTS parsing error: invalid sfntVersion: 1008813135 @ https://v2payroll.kedebahlite.com/dashboard:0
[   68985ms] [WARNING] Failed to decode downloaded font: https://v2payroll.kedebahlite.com/build/icon-fonts/bootstrap-icons/icons/font/fonts/bootstrap-icons.woff2?2820a3852bdb9a5832199cc61cec4e65 @ https://v2payroll.kedebahlite.com/dashboard:0
[   68985ms] [WARNING] OTS parsing error: invalid sfntVersion: 1008813135 @ https://v2payroll.kedebahlite.com/dashboard:0
[   68985ms] [WARNING] Failed to decode downloaded font: https://v2payroll.kedebahlite.com/build/icon-fonts/bootstrap-icons/icons/font/fonts/bootstrap-icons.woff?2820a3852bdb9a5832199cc61cec4e65 @ https://v2payroll.kedebahlite.com/dashboard:0
[   68985ms] [WARNING] OTS parsing error: invalid sfntVersion: 1008813135 @ https://v2payroll.kedebahlite.com/dashboard:0
[   69146ms] [WARNING] Failed to decode downloaded font: https://v2payroll.kedebahlite.com/build/icon-fonts/RemixIcons/fonts/remixicon.woff2?t=1708865856766 @ https://v2payroll.kedebahlite.com/build/assets/main-B7w2q8Ph.js:4
[   69146ms] [WARNING] OTS parsing error: invalid sfntVersion: 1008813135 @ https://v2payroll.kedebahlite.com/build/assets/main-B7w2q8Ph.js:4
[   69146ms] [WARNING] Failed to decode downloaded font: https://v2payroll.kedebahlite.com/build/icon-fonts/RemixIcons/fonts/remixicon.woff?t=1708865856766 @ https://v2payroll.kedebahlite.com/build/assets/main-B7w2q8Ph.js:4
[   69146ms] [WARNING] OTS parsing error: invalid sfntVersion: 1008813135 @ https://v2payroll.kedebahlite.com/build/assets/main-B7w2q8Ph.js:4
[   69146ms] [WARNING] Failed to decode downloaded font: https://v2payroll.kedebahlite.com/build/icon-fonts/RemixIcons/fonts/remixicon.ttf?t=1708865856766 @ https://v2payroll.kedebahlite.com/build/assets/main-B7w2q8Ph.js:4
[   69146ms] [WARNING] OTS parsing error: invalid sfntVersion: 1008813135 @ https://v2payroll.kedebahlite.com/build/assets/main-B7w2q8Ph.js:4
[   69147ms] [WARNING] Failed to decode downloaded font: https://v2payroll.kedebahlite.com/build/icon-fonts/bootstrap-icons/icons/font/fonts/bootstrap-icons.woff2?2820a3852bdb9a5832199cc61cec4e65 @ https://v2payroll.kedebahlite.com/build/assets/main-B7w2q8Ph.js:4
[   69147ms] [WARNING] OTS parsing error: invalid sfntVersion: 1008813135 @ https://v2payroll.kedebahlite.com/build/assets/main-B7w2q8Ph.js:4
[   69147ms] [WARNING] Failed to decode downloaded font: https://v2payroll.kedebahlite.com/build/icon-fonts/bootstrap-icons/icons/font/fonts/bootstrap-icons.woff?2820a3852bdb9a5832199cc61cec4e65 @ https://v2payroll.kedebahlite.com/build/assets/main-B7w2q8Ph.js:4
[   69147ms] [WARNING] OTS parsing error: invalid sfntVersion: 1008813135 @ https://v2payroll.kedebahlite.com/build/assets/main-B7w2q8Ph.js:4
[   72153ms] [WARNING] The resource https://v2payroll.kedebahlite.com/build/assets/main-swWEpL5L.css was preloaded using link preload but not used within a few seconds from the window's load event. Please make sure it has an appropriate `as` value and it is preloaded intentionally. @ https://v2payroll.kedebahlite.com/dashboard:0
[   72154ms] [WARNING] The resource https://v2payroll.kedebahlite.com/build/assets/app-BDow-Spr.css was preloaded using link preload but not used within a few seconds from the window's load event. Please make sure it has an appropriate `as` value and it is preloaded intentionally. @ https://v2payroll.kedebahlite.com/dashboard:0
[   78699ms] [WARNING] The resource https://v2payroll.kedebahlite.com/build/assets/main-swWEpL5L.css was preloaded using link preload but not used within a few seconds from the window's load event. Please make sure it has an appropriate `as` value and it is preloaded intentionally. @ https://v2payroll.kedebahlite.com/dashboard:0
[   78700ms] [WARNING] The resource https://v2payroll.kedebahlite.com/build/assets/app-BDow-Spr.css was preloaded using link preload but not used within a few seconds from the window's load event. Please make sure it has an appropriate `as` value and it is preloaded intentionally. @ https://v2payroll.kedebahlite.com/dashboard:0
[   90972ms] [WARNING] Failed to decode downloaded font: https://v2payroll.kedebahlite.com/build/icon-fonts/RemixIcons/fonts/remixicon.woff2?t=1708865856766 @ https://v2payroll.kedebahlite.com/build/assets/main-B7w2q8Ph.js:1
[   90972ms] [WARNING] OTS parsing error: invalid sfntVersion: 1008813135 @ https://v2payroll.kedebahlite.com/build/assets/main-B7w2q8Ph.js:1
[   90972ms] [WARNING] Failed to decode downloaded font: https://v2payroll.kedebahlite.com/build/icon-fonts/RemixIcons/fonts/remixicon.woff?t=1708865856766 @ https://v2payroll.kedebahlite.com/build/assets/main-B7w2q8Ph.js:1
[   90972ms] [WARNING] OTS parsing error: invalid sfntVersion: 1008813135 @ https://v2payroll.kedebahlite.com/build/assets/main-B7w2q8Ph.js:1
[   90972ms] [WARNING] Failed to decode downloaded font: https://v2payroll.kedebahlite.com/build/icon-fonts/RemixIcons/fonts/remixicon.ttf?t=1708865856766 @ https://v2payroll.kedebahlite.com/build/assets/main-B7w2q8Ph.js:1
[   90972ms] [WARNING] OTS parsing error: invalid sfntVersion: 1008813135 @ https://v2payroll.kedebahlite.com/build/assets/main-B7w2q8Ph.js:1
[   90972ms] [WARNING] Failed to decode downloaded font: https://v2payroll.kedebahlite.com/build/icon-fonts/bootstrap-icons/icons/font/fonts/bootstrap-icons.woff2?2820a3852bdb9a5832199cc61cec4e65 @ https://v2payroll.kedebahlite.com/build/assets/main-B7w2q8Ph.js:1
[   90973ms] [WARNING] OTS parsing error: invalid sfntVersion: 1008813135 @ https://v2payroll.kedebahlite.com/build/assets/main-B7w2q8Ph.js:1
[   90973ms] [WARNING] Failed to decode downloaded font: https://v2payroll.kedebahlite.com/build/icon-fonts/bootstrap-icons/icons/font/fonts/bootstrap-icons.woff?2820a3852bdb9a5832199cc61cec4e65 @ https://v2payroll.kedebahlite.com/build/assets/main-B7w2q8Ph.js:1
[   90973ms] [WARNING] OTS parsing error: invalid sfntVersion: 1008813135 @ https://v2payroll.kedebahlite.com/build/assets/main-B7w2q8Ph.js:1
[   94191ms] [WARNING] The resource https://v2payroll.kedebahlite.com/build/assets/main-swWEpL5L.css was preloaded using link preload but not used within a few seconds from the window's load event. Please make sure it has an appropriate `as` value and it is preloaded intentionally. @ https://v2payroll.kedebahlite.com/settings:0
[   94191ms] [WARNING] The resource https://v2payroll.kedebahlite.com/build/assets/app-BDow-Spr.css was preloaded using link preload but not used within a few seconds from the window's load event. Please make sure it has an appropriate `as` value and it is preloaded intentionally. @ https://v2payroll.kedebahlite.com/settings:0
[   98596ms] [WARNING] The resource https://v2payroll.kedebahlite.com/build/assets/main-swWEpL5L.css was preloaded using link preload but not used within a few seconds from the window's load event. Please make sure it has an appropriate `as` value and it is preloaded intentionally. @ https://v2payroll.kedebahlite.com/settings:0
[   98596ms] [WARNING] The resource https://v2payroll.kedebahlite.com/build/assets/app-BDow-Spr.css was preloaded using link preload but not used within a few seconds from the window's load event. Please make sure it has an appropriate `as` value and it is preloaded intentionally. @ https://v2payroll.kedebahlite.com/settings:0
[  106667ms] [WARNING] The resource https://v2payroll.kedebahlite.com/build/assets/main-swWEpL5L.css was preloaded using link preload but not used within a few seconds from the window's load event. Please make sure it has an appropriate `as` value and it is preloaded intentionally. @ https://v2payroll.kedebahlite.com/settings:0
[  106667ms] [WARNING] The resource https://v2payroll.kedebahlite.com/build/assets/app-BDow-Spr.css was preloaded using link preload but not used within a few seconds from the window's load event. Please make sure it has an appropriate `as` value and it is preloaded intentionally. @ https://v2payroll.kedebahlite.com/settings:0
[  107598ms] [WARNING] Failed to decode downloaded font: https://v2payroll.kedebahlite.com/build/icon-fonts/RemixIcons/fonts/remixicon.woff2?t=1708865856766 @ https://v2payroll.kedebahlite.com/settings:0
[  107599ms] [WARNING] OTS parsing error: invalid sfntVersion: 1008813135 @ https://v2payroll.kedebahlite.com/settings:0
[  107599ms] [WARNING] Failed to decode downloaded font: https://v2payroll.kedebahlite.com/build/icon-fonts/RemixIcons/fonts/remixicon.woff?t=1708865856766 @ https://v2payroll.kedebahlite.com/settings:0
[  107599ms] [WARNING] OTS parsing error: invalid sfntVersion: 1008813135 @ https://v2payroll.kedebahlite.com/settings:0
[  107599ms] [WARNING] Failed to decode downloaded font: https://v2payroll.kedebahlite.com/build/icon-fonts/RemixIcons/fonts/remixicon.ttf?t=1708865856766 @ https://v2payroll.kedebahlite.com/settings:0
[  107599ms] [WARNING] OTS parsing error: invalid sfntVersion: 1008813135 @ https://v2payroll.kedebahlite.com/settings:0
[  107599ms] [WARNING] Failed to decode downloaded font: https://v2payroll.kedebahlite.com/build/icon-fonts/bootstrap-icons/icons/font/fonts/bootstrap-icons.woff2?2820a3852bdb9a5832199cc61cec4e65 @ https://v2payroll.kedebahlite.com/settings:0
[  107599ms] [WARNING] OTS parsing error: invalid sfntVersion: 1008813135 @ https://v2payroll.kedebahlite.com/settings:0
[  107599ms] [WARNING] Failed to decode downloaded font: https://v2payroll.kedebahlite.com/build/icon-fonts/bootstrap-icons/icons/font/fonts/bootstrap-icons.woff?2820a3852bdb9a5832199cc61cec4e65 @ https://v2payroll.kedebahlite.com/settings:0
[  107599ms] [WARNING] OTS parsing error: invalid sfntVersion: 1008813135 @ https://v2payroll.kedebahlite.com/settings:0
[  107650ms] [WARNING] Failed to decode downloaded font: https://v2payroll.kedebahlite.com/build/icon-fonts/RemixIcons/fonts/remixicon.woff2?t=1708865856766 @ https://v2payroll.kedebahlite.com/settings:0
[  107650ms] [WARNING] OTS parsing error: invalid sfntVersion: 1008813135 @ https://v2payroll.kedebahlite.com/settings:0
[  107650ms] [WARNING] Failed to decode downloaded font: https://v2payroll.kedebahlite.com/build/icon-fonts/RemixIcons/fonts/remixicon.woff?t=1708865856766 @ https://v2payroll.kedebahlite.com/settings:0
[  107650ms] [WARNING] OTS parsing error: invalid sfntVersion: 1008813135 @ https://v2payroll.kedebahlite.com/settings:0
[  107650ms] [WARNING] Failed to decode downloaded font: https://v2payroll.kedebahlite.com/build/icon-fonts/RemixIcons/fonts/remixicon.ttf?t=1708865856766 @ https://v2payroll.kedebahlite.com/settings:0
[  107650ms] [WARNING] OTS parsing error: invalid sfntVersion: 1008813135 @ https://v2payroll.kedebahlite.com/settings:0
[  107650ms] [WARNING] Failed to decode downloaded font: https://v2payroll.kedebahlite.com/build/icon-fonts/bootstrap-icons/icons/font/fonts/bootstrap-icons.woff2?2820a3852bdb9a5832199cc61cec4e65 @ https://v2payroll.kedebahlite.com/settings:0
[  107650ms] [WARNING] OTS parsing error: invalid sfntVersion: 1008813135 @ https://v2payroll.kedebahlite.com/settings:0
[  107650ms] [WARNING] Failed to decode downloaded font: https://v2payroll.kedebahlite.com/build/icon-fonts/bootstrap-icons/icons/font/fonts/bootstrap-icons.woff?2820a3852bdb9a5832199cc61cec4e65 @ https://v2payroll.kedebahlite.com/settings:0
[  107650ms] [WARNING] OTS parsing error: invalid sfntVersion: 1008813135 @ https://v2payroll.kedebahlite.com/settings:0
[  117901ms] [WARNING] The resource https://v2payroll.kedebahlite.com/build/assets/main-swWEpL5L.css was preloaded using link preload but not used within a few seconds from the window's load event. Please make sure it has an appropriate `as` value and it is preloaded intentionally. @ https://v2payroll.kedebahlite.com/settings:0
[  117901ms] [WARNING] The resource https://v2payroll.kedebahlite.com/build/assets/app-BDow-Spr.css was preloaded using link preload but not used within a few seconds from the window's load event. Please make sure it has an appropriate `as` value and it is preloaded intentionally. @ https://v2payroll.kedebahlite.com/settings:0
[  144930ms] [WARNING] The resource https://v2payroll.kedebahlite.com/build/assets/main-swWEpL5L.css was preloaded using link preload but not used within a few seconds from the window's load event. Please make sure it has an appropriate `as` value and it is preloaded intentionally. @ https://v2payroll.kedebahlite.com/employees:0
[  144931ms] [WARNING] The resource https://v2payroll.kedebahlite.com/build/assets/app-BDow-Spr.css was preloaded using link preload but not used within a few seconds from the window's load event. Please make sure it has an appropriate `as` value and it is preloaded intentionally. @ https://v2payroll.kedebahlite.com/employees:0
[  148137ms] [WARNING] Failed to decode downloaded font: https://v2payroll.kedebahlite.com/build/icon-fonts/RemixIcons/fonts/remixicon.woff2?t=1708865856766 @ https://v2payroll.kedebahlite.com/employees:0
[  148137ms] [WARNING] OTS parsing error: invalid sfntVersion: 1008813135 @ https://v2payroll.kedebahlite.com/employees:0
[  148137ms] [WARNING] Failed to decode downloaded font: https://v2payroll.kedebahlite.com/build/icon-fonts/RemixIcons/fonts/remixicon.woff?t=1708865856766 @ https://v2payroll.kedebahlite.com/employees:0
[  148137ms] [WARNING] OTS parsing error: invalid sfntVersion: 1008813135 @ https://v2payroll.kedebahlite.com/employees:0
[  148137ms] [WARNING] Failed to decode downloaded font: https://v2payroll.kedebahlite.com/build/icon-fonts/RemixIcons/fonts/remixicon.ttf?t=1708865856766 @ https://v2payroll.kedebahlite.com/employees:0
[  148137ms] [WARNING] OTS parsing error: invalid sfntVersion: 1008813135 @ https://v2payroll.kedebahlite.com/employees:0
[  148137ms] [WARNING] Failed to decode downloaded font: https://v2payroll.kedebahlite.com/build/icon-fonts/bootstrap-icons/icons/font/fonts/bootstrap-icons.woff2?2820a3852bdb9a5832199cc61cec4e65 @ https://v2payroll.kedebahlite.com/employees:0
[  148137ms] [WARNING] OTS parsing error: invalid sfntVersion: 1008813135 @ https://v2payroll.kedebahlite.com/employees:0
[  148137ms] [WARNING] Failed to decode downloaded font: https://v2payroll.kedebahlite.com/build/icon-fonts/bootstrap-icons/icons/font/fonts/bootstrap-icons.woff?2820a3852bdb9a5832199cc61cec4e65 @ https://v2payroll.kedebahlite.com/employees:0
[  148137ms] [WARNING] OTS parsing error: invalid sfntVersion: 1008813135 @ https://v2payroll.kedebahlite.com/employees:0
[  148199ms] [WARNING] Failed to decode downloaded font: https://v2payroll.kedebahlite.com/build/icon-fonts/RemixIcons/fonts/remixicon.woff2?t=1708865856766 @ https://v2payroll.kedebahlite.com/employees:0
[  148199ms] [WARNING] OTS parsing error: invalid sfntVersion: 1008813135 @ https://v2payroll.kedebahlite.com/employees:0
[  148199ms] [WARNING] Failed to decode downloaded font: https://v2payroll.kedebahlite.com/build/icon-fonts/RemixIcons/fonts/remixicon.woff?t=1708865856766 @ https://v2payroll.kedebahlite.com/employees:0
[  148199ms] [WARNING] OTS parsing error: invalid sfntVersion: 1008813135 @ https://v2payroll.kedebahlite.com/employees:0
[  148199ms] [WARNING] Failed to decode downloaded font: https://v2payroll.kedebahlite.com/build/icon-fonts/RemixIcons/fonts/remixicon.ttf?t=1708865856766 @ https://v2payroll.kedebahlite.com/employees:0
[  148199ms] [WARNING] OTS parsing error: invalid sfntVersion: 1008813135 @ https://v2payroll.kedebahlite.com/employees:0
[  148199ms] [WARNING] Failed to decode downloaded font: https://v2payroll.kedebahlite.com/build/icon-fonts/bootstrap-icons/icons/font/fonts/bootstrap-icons.woff2?2820a3852bdb9a5832199cc61cec4e65 @ https://v2payroll.kedebahlite.com/employees:0
[  148199ms] [WARNING] OTS parsing error: invalid sfntVersion: 1008813135 @ https://v2payroll.kedebahlite.com/employees:0
[  148199ms] [WARNING] Failed to decode downloaded font: https://v2payroll.kedebahlite.com/build/icon-fonts/bootstrap-icons/icons/font/fonts/bootstrap-icons.woff?2820a3852bdb9a5832199cc61cec4e65 @ https://v2payroll.kedebahlite.com/employees:0
[  148199ms] [WARNING] OTS parsing error: invalid sfntVersion: 1008813135 @ https://v2payroll.kedebahlite.com/employees:0
[  155200ms] [WARNING] The resource https://v2payroll.kedebahlite.com/build/assets/main-swWEpL5L.css was preloaded using link preload but not used within a few seconds from the window's load event. Please make sure it has an appropriate `as` value and it is preloaded intentionally. @ https://v2payroll.kedebahlite.com/employees:0
[  155200ms] [WARNING] The resource https://v2payroll.kedebahlite.com/build/assets/app-BDow-Spr.css was preloaded using link preload but not used within a few seconds from the window's load event. Please make sure it has an appropriate `as` value and it is preloaded intentionally. @ https://v2payroll.kedebahlite.com/employees:0
[  184089ms] [WARNING] The resource https://v2payroll.kedebahlite.com/build/assets/main-swWEpL5L.css was preloaded using link preload but not used within a few seconds from the window's load event. Please make sure it has an appropriate `as` value and it is preloaded intentionally. @ https://v2payroll.kedebahlite.com/payroll:0
[  184089ms] [WARNING] The resource https://v2payroll.kedebahlite.com/build/assets/app-BDow-Spr.css was preloaded using link preload but not used within a few seconds from the window's load event. Please make sure it has an appropriate `as` value and it is preloaded intentionally. @ https://v2payroll.kedebahlite.com/payroll:0
[  191137ms] [WARNING] Failed to decode downloaded font: https://v2payroll.kedebahlite.com/build/icon-fonts/RemixIcons/fonts/remixicon.woff2?t=1708865856766 @ https://v2payroll.kedebahlite.com/payroll:0
[  191137ms] [WARNING] OTS parsing error: invalid sfntVersion: 1008813135 @ https://v2payroll.kedebahlite.com/payroll:0
[  191137ms] [WARNING] Failed to decode downloaded font: https://v2payroll.kedebahlite.com/build/icon-fonts/RemixIcons/fonts/remixicon.woff?t=1708865856766 @ https://v2payroll.kedebahlite.com/payroll:0
[  191137ms] [WARNING] OTS parsing error: invalid sfntVersion: 1008813135 @ https://v2payroll.kedebahlite.com/payroll:0
[  191137ms] [WARNING] Failed to decode downloaded font: https://v2payroll.kedebahlite.com/build/icon-fonts/RemixIcons/fonts/remixicon.ttf?t=1708865856766 @ https://v2payroll.kedebahlite.com/payroll:0
[  191137ms] [WARNING] OTS parsing error: invalid sfntVersion: 1008813135 @ https://v2payroll.kedebahlite.com/payroll:0
[  191137ms] [WARNING] Failed to decode downloaded font: https://v2payroll.kedebahlite.com/build/icon-fonts/bootstrap-icons/icons/font/fonts/bootstrap-icons.woff2?2820a3852bdb9a5832199cc61cec4e65 @ https://v2payroll.kedebahlite.com/payroll:0
[  191137ms] [WARNING] OTS parsing error: invalid sfntVersion: 1008813135 @ https://v2payroll.kedebahlite.com/payroll:0
[  191137ms] [WARNING] Failed to decode downloaded font: https://v2payroll.kedebahlite.com/build/icon-fonts/bootstrap-icons/icons/font/fonts/bootstrap-icons.woff?2820a3852bdb9a5832199cc61cec4e65 @ https://v2payroll.kedebahlite.com/payroll:0
[  191137ms] [WARNING] OTS parsing error: invalid sfntVersion: 1008813135 @ https://v2payroll.kedebahlite.com/payroll:0
[  191175ms] [WARNING] Failed to decode downloaded font: https://v2payroll.kedebahlite.com/build/icon-fonts/RemixIcons/fonts/remixicon.woff2?t=1708865856766 @ https://v2payroll.kedebahlite.com/payroll:0
[  191175ms] [WARNING] OTS parsing error: invalid sfntVersion: 1008813135 @ https://v2payroll.kedebahlite.com/payroll:0
[  191175ms] [WARNING] Failed to decode downloaded font: https://v2payroll.kedebahlite.com/build/icon-fonts/RemixIcons/fonts/remixicon.woff?t=1708865856766 @ https://v2payroll.kedebahlite.com/payroll:0
[  191175ms] [WARNING] OTS parsing error: invalid sfntVersion: 1008813135 @ https://v2payroll.kedebahlite.com/payroll:0
[  191175ms] [WARNING] Failed to decode downloaded font: https://v2payroll.kedebahlite.com/build/icon-fonts/RemixIcons/fonts/remixicon.ttf?t=1708865856766 @ https://v2payroll.kedebahlite.com/payroll:0
[  191175ms] [WARNING] OTS parsing error: invalid sfntVersion: 1008813135 @ https://v2payroll.kedebahlite.com/payroll:0
[  191175ms] [WARNING] Failed to decode downloaded font: https://v2payroll.kedebahlite.com/build/icon-fonts/bootstrap-icons/icons/font/fonts/bootstrap-icons.woff2?2820a3852bdb9a5832199cc61cec4e65 @ https://v2payroll.kedebahlite.com/payroll:0
[  191175ms] [WARNING] OTS parsing error: invalid sfntVersion: 1008813135 @ https://v2payroll.kedebahlite.com/payroll:0
[  191175ms] [WARNING] Failed to decode downloaded font: https://v2payroll.kedebahlite.com/build/icon-fonts/bootstrap-icons/icons/font/fonts/bootstrap-icons.woff?2820a3852bdb9a5832199cc61cec4e65 @ https://v2payroll.kedebahlite.com/payroll:0
[  191175ms] [WARNING] OTS parsing error: invalid sfntVersion: 1008813135 @ https://v2payroll.kedebahlite.com/payroll:0
[  205108ms] [WARNING] The resource https://v2payroll.kedebahlite.com/build/assets/main-swWEpL5L.css was preloaded using link preload but not used within a few seconds from the window's load event. Please make sure it has an appropriate `as` value and it is preloaded intentionally. @ https://v2payroll.kedebahlite.com/taxes:0
[  205108ms] [WARNING] The resource https://v2payroll.kedebahlite.com/build/assets/app-BDow-Spr.css was preloaded using link preload but not used within a few seconds from the window's load event. Please make sure it has an appropriate `as` value and it is preloaded intentionally. @ https://v2payroll.kedebahlite.com/taxes:0
[  212850ms] [WARNING] Failed to decode downloaded font: https://v2payroll.kedebahlite.com/build/icon-fonts/RemixIcons/fonts/remixicon.woff2?t=1708865856766 @ https://v2payroll.kedebahlite.com/taxes:0
[  212850ms] [WARNING] OTS parsing error: invalid sfntVersion: 1008813135 @ https://v2payroll.kedebahlite.com/taxes:0
[  212850ms] [WARNING] Failed to decode downloaded font: https://v2payroll.kedebahlite.com/build/icon-fonts/RemixIcons/fonts/remixicon.woff?t=1708865856766 @ https://v2payroll.kedebahlite.com/taxes:0
[  212850ms] [WARNING] OTS parsing error: invalid sfntVersion: 1008813135 @ https://v2payroll.kedebahlite.com/taxes:0
[  212850ms] [WARNING] Failed to decode downloaded font: https://v2payroll.kedebahlite.com/build/icon-fonts/RemixIcons/fonts/remixicon.ttf?t=1708865856766 @ https://v2payroll.kedebahlite.com/taxes:0
[  212850ms] [WARNING] OTS parsing error: invalid sfntVersion: 1008813135 @ https://v2payroll.kedebahlite.com/taxes:0
[  212850ms] [WARNING] Failed to decode downloaded font: https://v2payroll.kedebahlite.com/build/icon-fonts/bootstrap-icons/icons/font/fonts/bootstrap-icons.woff2?2820a3852bdb9a5832199cc61cec4e65 @ https://v2payroll.kedebahlite.com/taxes:0
[  212850ms] [WARNING] OTS parsing error: invalid sfntVersion: 1008813135 @ https://v2payroll.kedebahlite.com/taxes:0
[  212850ms] [WARNING] Failed to decode downloaded font: https://v2payroll.kedebahlite.com/build/icon-fonts/bootstrap-icons/icons/font/fonts/bootstrap-icons.woff?2820a3852bdb9a5832199cc61cec4e65 @ https://v2payroll.kedebahlite.com/taxes:0
[  212850ms] [WARNING] OTS parsing error: invalid sfntVersion: 1008813135 @ https://v2payroll.kedebahlite.com/taxes:0
[  212877ms] [WARNING] Failed to decode downloaded font: https://v2payroll.kedebahlite.com/build/icon-fonts/RemixIcons/fonts/remixicon.woff2?t=1708865856766 @ https://v2payroll.kedebahlite.com/taxes:0
[  212877ms] [WARNING] OTS parsing error: invalid sfntVersion: 1008813135 @ https://v2payroll.kedebahlite.com/taxes:0
[  212877ms] [WARNING] Failed to decode downloaded font: https://v2payroll.kedebahlite.com/build/icon-fonts/RemixIcons/fonts/remixicon.woff?t=1708865856766 @ https://v2payroll.kedebahlite.com/taxes:0
[  212877ms] [WARNING] OTS parsing error: invalid sfntVersion: 1008813135 @ https://v2payroll.kedebahlite.com/taxes:0
[  212877ms] [WARNING] Failed to decode downloaded font: https://v2payroll.kedebahlite.com/build/icon-fonts/RemixIcons/fonts/remixicon.ttf?t=1708865856766 @ https://v2payroll.kedebahlite.com/taxes:0
[  212877ms] [WARNING] OTS parsing error: invalid sfntVersion: 1008813135 @ https://v2payroll.kedebahlite.com/taxes:0
[  212877ms] [WARNING] Failed to decode downloaded font: https://v2payroll.kedebahlite.com/build/icon-fonts/bootstrap-icons/icons/font/fonts/bootstrap-icons.woff2?2820a3852bdb9a5832199cc61cec4e65 @ https://v2payroll.kedebahlite.com/taxes:0
[  212877ms] [WARNING] OTS parsing error: invalid sfntVersion: 1008813135 @ https://v2payroll.kedebahlite.com/taxes:0
[  212877ms] [WARNING] Failed to decode downloaded font: https://v2payroll.kedebahlite.com/build/icon-fonts/bootstrap-icons/icons/font/fonts/bootstrap-icons.woff?2820a3852bdb9a5832199cc61cec4e65 @ https://v2payroll.kedebahlite.com/taxes:0
[  212877ms] [WARNING] OTS parsing error: invalid sfntVersion: 1008813135 @ https://v2payroll.kedebahlite.com/taxes:0
[  225306ms] [WARNING] The resource https://v2payroll.kedebahlite.com/build/assets/main-swWEpL5L.css was preloaded using link preload but not used within a few seconds from the window's load event. Please make sure it has an appropriate `as` value and it is preloaded intentionally. @ https://v2payroll.kedebahlite.com/reports:0
[  225306ms] [WARNING] The resource https://v2payroll.kedebahlite.com/build/assets/app-BDow-Spr.css was preloaded using link preload but not used within a few seconds from the window's load event. Please make sure it has an appropriate `as` value and it is preloaded intentionally. @ https://v2payroll.kedebahlite.com/reports:0
[  233651ms] [WARNING] Failed to decode downloaded font: https://v2payroll.kedebahlite.com/build/icon-fonts/RemixIcons/fonts/remixicon.woff2?t=1708865856766 @ https://v2payroll.kedebahlite.com/reports:0
[  233651ms] [WARNING] OTS parsing error: invalid sfntVersion: 1008813135 @ https://v2payroll.kedebahlite.com/reports:0
[  233651ms] [WARNING] Failed to decode downloaded font: https://v2payroll.kedebahlite.com/build/icon-fonts/RemixIcons/fonts/remixicon.woff?t=1708865856766 @ https://v2payroll.kedebahlite.com/reports:0
[  233651ms] [WARNING] OTS parsing error: invalid sfntVersion: 1008813135 @ https://v2payroll.kedebahlite.com/reports:0
[  233651ms] [WARNING] Failed to decode downloaded font: https://v2payroll.kedebahlite.com/build/icon-fonts/RemixIcons/fonts/remixicon.ttf?t=1708865856766 @ https://v2payroll.kedebahlite.com/reports:0
[  233651ms] [WARNING] OTS parsing error: invalid sfntVersion: 1008813135 @ https://v2payroll.kedebahlite.com/reports:0
[  233652ms] [WARNING] Failed to decode downloaded font: https://v2payroll.kedebahlite.com/build/icon-fonts/bootstrap-icons/icons/font/fonts/bootstrap-icons.woff2?2820a3852bdb9a5832199cc61cec4e65 @ https://v2payroll.kedebahlite.com/reports:0
[  233652ms] [WARNING] OTS parsing error: invalid sfntVersion: 1008813135 @ https://v2payroll.kedebahlite.com/reports:0
[  233652ms] [WARNING] Failed to decode downloaded font: https://v2payroll.kedebahlite.com/build/icon-fonts/bootstrap-icons/icons/font/fonts/bootstrap-icons.woff?2820a3852bdb9a5832199cc61cec4e65 @ https://v2payroll.kedebahlite.com/reports:0
[  233652ms] [WARNING] OTS parsing error: invalid sfntVersion: 1008813135 @ https://v2payroll.kedebahlite.com/reports:0
[  233689ms] [WARNING] Failed to decode downloaded font: https://v2payroll.kedebahlite.com/build/icon-fonts/RemixIcons/fonts/remixicon.woff2?t=1708865856766 @ https://v2payroll.kedebahlite.com/reports:0
[  233689ms] [WARNING] OTS parsing error: invalid sfntVersion: 1008813135 @ https://v2payroll.kedebahlite.com/reports:0
[  233689ms] [WARNING] Failed to decode downloaded font: https://v2payroll.kedebahlite.com/build/icon-fonts/RemixIcons/fonts/remixicon.woff?t=1708865856766 @ https://v2payroll.kedebahlite.com/reports:0
[  233689ms] [WARNING] OTS parsing error: invalid sfntVersion: 1008813135 @ https://v2payroll.kedebahlite.com/reports:0
[  233689ms] [WARNING] Failed to decode downloaded font: https://v2payroll.kedebahlite.com/build/icon-fonts/RemixIcons/fonts/remixicon.ttf?t=1708865856766 @ https://v2payroll.kedebahlite.com/reports:0
[  233689ms] [WARNING] OTS parsing error: invalid sfntVersion: 1008813135 @ https://v2payroll.kedebahlite.com/reports:0
[  233689ms] [WARNING] Failed to decode downloaded font: https://v2payroll.kedebahlite.com/build/icon-fonts/bootstrap-icons/icons/font/fonts/bootstrap-icons.woff2?2820a3852bdb9a5832199cc61cec4e65 @ https://v2payroll.kedebahlite.com/reports:0
[  233689ms] [WARNING] OTS parsing error: invalid sfntVersion: 1008813135 @ https://v2payroll.kedebahlite.com/reports:0
[  233689ms] [WARNING] Failed to decode downloaded font: https://v2payroll.kedebahlite.com/build/icon-fonts/bootstrap-icons/icons/font/fonts/bootstrap-icons.woff?2820a3852bdb9a5832199cc61cec4e65 @ https://v2payroll.kedebahlite.com/reports:0
[  233689ms] [WARNING] OTS parsing error: invalid sfntVersion: 1008813135 @ https://v2payroll.kedebahlite.com/reports:0
[  351905ms] [WARNING] The resource https://v2payroll.kedebahlite.com/build/assets/main-swWEpL5L.css was preloaded using link preload but not used within a few seconds from the window's load event. Please make sure it has an appropriate `as` value and it is preloaded intentionally. @ https://v2payroll.kedebahlite.com/reports:0
[  351905ms] [WARNING] The resource https://v2payroll.kedebahlite.com/build/assets/app-BDow-Spr.css was preloaded using link preload but not used within a few seconds from the window's load event. Please make sure it has an appropriate `as` value and it is preloaded intentionally. @ https://v2payroll.kedebahlite.com/reports:0
