[    8072ms] [WARNING] Failed to decode downloaded font: https://v2payroll.kedebahlite.com/build/icon-fonts/RemixIcons/fonts/remixicon.woff2?t=1708865856766 @ https://v2payroll.kedebahlite.com/setup/statutory-rules:0
[    8072ms] [WARNING] OTS parsing error: invalid sfntVersion: 1008813135 @ https://v2payroll.kedebahlite.com/setup/statutory-rules:0
[    9517ms] [WARNING] Failed to decode downloaded font: https://v2payroll.kedebahlite.com/build/icon-fonts/RemixIcons/fonts/remixicon.woff?t=1708865856766 @ https://v2payroll.kedebahlite.com/setup/statutory-rules:0
[    9517ms] [WARNING] OTS parsing error: invalid sfntVersion: 1008813135 @ https://v2payroll.kedebahlite.com/setup/statutory-rules:0
[   10889ms] [WARNING] Failed to decode downloaded font: https://v2payroll.kedebahlite.com/build/icon-fonts/RemixIcons/fonts/remixicon.ttf?t=1708865856766 @ https://v2payroll.kedebahlite.com/setup/statutory-rules:0
[   10889ms] [WARNING] OTS parsing error: invalid sfntVersion: 1008813135 @ https://v2payroll.kedebahlite.com/setup/statutory-rules:0
[   15808ms] [WARNING] Failed to decode downloaded font: https://v2payroll.kedebahlite.com/build/icon-fonts/RemixIcons/fonts/remixicon.woff2?t=1708865856766 @ https://v2payroll.kedebahlite.com/setup/statutory-rules:0
[   15808ms] [WARNING] OTS parsing error: invalid sfntVersion: 1008813135 @ https://v2payroll.kedebahlite.com/setup/statutory-rules:0
[   15808ms] [WARNING] Failed to decode downloaded font: https://v2payroll.kedebahlite.com/build/icon-fonts/RemixIcons/fonts/remixicon.woff?t=1708865856766 @ https://v2payroll.kedebahlite.com/setup/statutory-rules:0
[   15809ms] [WARNING] OTS parsing error: invalid sfntVersion: 1008813135 @ https://v2payroll.kedebahlite.com/setup/statutory-rules:0
[   15809ms] [WARNING] Failed to decode downloaded font: https://v2payroll.kedebahlite.com/build/icon-fonts/RemixIcons/fonts/remixicon.ttf?t=1708865856766 @ https://v2payroll.kedebahlite.com/setup/statutory-rules:0
[   15809ms] [WARNING] OTS parsing error: invalid sfntVersion: 1008813135 @ https://v2payroll.kedebahlite.com/setup/statutory-rules:0
[   15837ms] [WARNING] Failed to decode downloaded font: https://v2payroll.kedebahlite.com/build/icon-fonts/RemixIcons/fonts/remixicon.woff2?t=1708865856766 @ https://v2payroll.kedebahlite.com/setup/statutory-rules:0
[   15837ms] [WARNING] OTS parsing error: invalid sfntVersion: 1008813135 @ https://v2payroll.kedebahlite.com/setup/statutory-rules:0
[   15837ms] [WARNING] Failed to decode downloaded font: https://v2payroll.kedebahlite.com/build/icon-fonts/RemixIcons/fonts/remixicon.woff?t=1708865856766 @ https://v2payroll.kedebahlite.com/setup/statutory-rules:0
[   15837ms] [WARNING] OTS parsing error: invalid sfntVersion: 1008813135 @ https://v2payroll.kedebahlite.com/setup/statutory-rules:0
[   15837ms] [WARNING] Failed to decode downloaded font: https://v2payroll.kedebahlite.com/build/icon-fonts/RemixIcons/fonts/remixicon.ttf?t=1708865856766 @ https://v2payroll.kedebahlite.com/setup/statutory-rules:0
[   15838ms] [WARNING] OTS parsing error: invalid sfntVersion: 1008813135 @ https://v2payroll.kedebahlite.com/setup/statutory-rules:0
[   17004ms] [WARNING] Failed to decode downloaded font: https://v2payroll.kedebahlite.com/build/icon-fonts/bootstrap-icons/icons/font/fonts/bootstrap-icons.woff2?2820a3852bdb9a5832199cc61cec4e65 @ https://v2payroll.kedebahlite.com/setup/statutory-rules:0
[   17004ms] [WARNING] OTS parsing error: invalid sfntVersion: 1008813135 @ https://v2payroll.kedebahlite.com/setup/statutory-rules:0
[   17004ms] [WARNING] Failed to decode downloaded font: https://v2payroll.kedebahlite.com/build/icon-fonts/bootstrap-icons/icons/font/fonts/bootstrap-icons.woff2?2820a3852bdb9a5832199cc61cec4e65 @ https://v2payroll.kedebahlite.com/setup/statutory-rules:0
[   17004ms] [WARNING] OTS parsing error: invalid sfntVersion: 1008813135 @ https://v2payroll.kedebahlite.com/setup/statutory-rules:0
[   17004ms] [WARNING] Failed to decode downloaded font: https://v2payroll.kedebahlite.com/build/icon-fonts/bootstrap-icons/icons/font/fonts/bootstrap-icons.woff2?2820a3852bdb9a5832199cc61cec4e65 @ https://v2payroll.kedebahlite.com/setup/statutory-rules:0
[   17004ms] [WARNING] OTS parsing error: invalid sfntVersion: 1008813135 @ https://v2payroll.kedebahlite.com/setup/statutory-rules:0
[   18262ms] [WARNING] Failed to decode downloaded font: https://v2payroll.kedebahlite.com/build/icon-fonts/bootstrap-icons/icons/font/fonts/bootstrap-icons.woff?2820a3852bdb9a5832199cc61cec4e65 @ https://v2payroll.kedebahlite.com/setup/statutory-rules:0
[   18262ms] [WARNING] OTS parsing error: invalid sfntVersion: 1008813135 @ https://v2payroll.kedebahlite.com/setup/statutory-rules:0
[   18262ms] [WARNING] Failed to decode downloaded font: https://v2payroll.kedebahlite.com/build/icon-fonts/bootstrap-icons/icons/font/fonts/bootstrap-icons.woff?2820a3852bdb9a5832199cc61cec4e65 @ https://v2payroll.kedebahlite.com/setup/statutory-rules:0
[   18262ms] [WARNING] OTS parsing error: invalid sfntVersion: 1008813135 @ https://v2payroll.kedebahlite.com/setup/statutory-rules:0
[   18262ms] [WARNING] Failed to decode downloaded font: https://v2payroll.kedebahlite.com/build/icon-fonts/bootstrap-icons/icons/font/fonts/bootstrap-icons.woff?2820a3852bdb9a5832199cc61cec4e65 @ https://v2payroll.kedebahlite.com/setup/statutory-rules:0
[   18262ms] [WARNING] OTS parsing error: invalid sfntVersion: 1008813135 @ https://v2payroll.kedebahlite.com/setup/statutory-rules:0
[   21264ms] [WARNING] The resource https://v2payroll.kedebahlite.com/build/assets/main-swWEpL5L.css was preloaded using link preload but not used within a few seconds from the window's load event. Please make sure it has an appropriate `as` value and it is preloaded intentionally. @ https://v2payroll.kedebahlite.com/setup/statutory-rules:0
[   21265ms] [WARNING] The resource https://v2payroll.kedebahlite.com/build/assets/app-BDow-Spr.css was preloaded using link preload but not used within a few seconds from the window's load event. Please make sure it has an appropriate `as` value and it is preloaded intentionally. @ https://v2payroll.kedebahlite.com/setup/statutory-rules:0
[   28682ms] [WARNING] The resource https://v2payroll.kedebahlite.com/build/assets/main-swWEpL5L.css was preloaded using link preload but not used within a few seconds from the window's load event. Please make sure it has an appropriate `as` value and it is preloaded intentionally. @ https://v2payroll.kedebahlite.com/setup/statutory-rules:0
[   28682ms] [WARNING] The resource https://v2payroll.kedebahlite.com/build/assets/app-BDow-Spr.css was preloaded using link preload but not used within a few seconds from the window's load event. Please make sure it has an appropriate `as` value and it is preloaded intentionally. @ https://v2payroll.kedebahlite.com/setup/statutory-rules:0
[   32744ms] [WARNING] The resource https://v2payroll.kedebahlite.com/build/assets/main-swWEpL5L.css was preloaded using link preload but not used within a few seconds from the window's load event. Please make sure it has an appropriate `as` value and it is preloaded intentionally. @ https://v2payroll.kedebahlite.com/setup/statutory-rules:0
[   32744ms] [WARNING] The resource https://v2payroll.kedebahlite.com/build/assets/app-BDow-Spr.css was preloaded using link preload but not used within a few seconds from the window's load event. Please make sure it has an appropriate `as` value and it is preloaded intentionally. @ https://v2payroll.kedebahlite.com/setup/statutory-rules:0
[   44629ms] [WARNING] The resource https://v2payroll.kedebahlite.com/build/assets/main-swWEpL5L.css was preloaded using link preload but not used within a few seconds from the window's load event. Please make sure it has an appropriate `as` value and it is preloaded intentionally. @ https://v2payroll.kedebahlite.com/setup/statutory-rules:0
[   44630ms] [WARNING] The resource https://v2payroll.kedebahlite.com/build/assets/app-BDow-Spr.css was preloaded using link preload but not used within a few seconds from the window's load event. Please make sure it has an appropriate `as` value and it is preloaded intentionally. @ https://v2payroll.kedebahlite.com/setup/statutory-rules:0
[   66918ms] [WARNING] Failed to decode downloaded font: https://v2payroll.kedebahlite.com/build/icon-fonts/RemixIcons/fonts/remixicon.woff2?t=1708865856766 @ https://v2payroll.kedebahlite.com/setup/statutory-rules:0
[   66918ms] [WARNING] OTS parsing error: invalid sfntVersion: 1008813135 @ https://v2payroll.kedebahlite.com/setup/statutory-rules:0
[   66918ms] [WARNING] Failed to decode downloaded font: https://v2payroll.kedebahlite.com/build/icon-fonts/RemixIcons/fonts/remixicon.woff?t=1708865856766 @ https://v2payroll.kedebahlite.com/setup/statutory-rules:0
[   66918ms] [WARNING] OTS parsing error: invalid sfntVersion: 1008813135 @ https://v2payroll.kedebahlite.com/setup/statutory-rules:0
[   66918ms] [WARNING] Failed to decode downloaded font: https://v2payroll.kedebahlite.com/build/icon-fonts/RemixIcons/fonts/remixicon.ttf?t=1708865856766 @ https://v2payroll.kedebahlite.com/setup/statutory-rules:0
[   66918ms] [WARNING] OTS parsing error: invalid sfntVersion: 1008813135 @ https://v2payroll.kedebahlite.com/setup/statutory-rules:0
[   66918ms] [WARNING] Failed to decode downloaded font: https://v2payroll.kedebahlite.com/build/icon-fonts/bootstrap-icons/icons/font/fonts/bootstrap-icons.woff2?2820a3852bdb9a5832199cc61cec4e65 @ https://v2payroll.kedebahlite.com/setup/statutory-rules:0
[   66918ms] [WARNING] OTS parsing error: invalid sfntVersion: 1008813135 @ https://v2payroll.kedebahlite.com/setup/statutory-rules:0
[   66918ms] [WARNING] Failed to decode downloaded font: https://v2payroll.kedebahlite.com/build/icon-fonts/bootstrap-icons/icons/font/fonts/bootstrap-icons.woff?2820a3852bdb9a5832199cc61cec4e65 @ https://v2payroll.kedebahlite.com/setup/statutory-rules:0
[   66918ms] [WARNING] OTS parsing error: invalid sfntVersion: 1008813135 @ https://v2payroll.kedebahlite.com/setup/statutory-rules:0
[   66977ms] [WARNING] Failed to decode downloaded font: https://v2payroll.kedebahlite.com/build/icon-fonts/RemixIcons/fonts/remixicon.woff2?t=1708865856766 @ https://v2payroll.kedebahlite.com/setup/statutory-rules:0
[   66977ms] [WARNING] OTS parsing error: invalid sfntVersion: 1008813135 @ https://v2payroll.kedebahlite.com/setup/statutory-rules:0
[   66977ms] [WARNING] Failed to decode downloaded font: https://v2payroll.kedebahlite.com/build/icon-fonts/RemixIcons/fonts/remixicon.woff?t=1708865856766 @ https://v2payroll.kedebahlite.com/setup/statutory-rules:0
[   66977ms] [WARNING] OTS parsing error: invalid sfntVersion: 1008813135 @ https://v2payroll.kedebahlite.com/setup/statutory-rules:0
[   66977ms] [WARNING] Failed to decode downloaded font: https://v2payroll.kedebahlite.com/build/icon-fonts/RemixIcons/fonts/remixicon.ttf?t=1708865856766 @ https://v2payroll.kedebahlite.com/setup/statutory-rules:0
[   66977ms] [WARNING] OTS parsing error: invalid sfntVersion: 1008813135 @ https://v2payroll.kedebahlite.com/setup/statutory-rules:0
[   66977ms] [WARNING] Failed to decode downloaded font: https://v2payroll.kedebahlite.com/build/icon-fonts/bootstrap-icons/icons/font/fonts/bootstrap-icons.woff2?2820a3852bdb9a5832199cc61cec4e65 @ https://v2payroll.kedebahlite.com/setup/statutory-rules:0
[   66977ms] [WARNING] OTS parsing error: invalid sfntVersion: 1008813135 @ https://v2payroll.kedebahlite.com/setup/statutory-rules:0
[   66977ms] [WARNING] Failed to decode downloaded font: https://v2payroll.kedebahlite.com/build/icon-fonts/bootstrap-icons/icons/font/fonts/bootstrap-icons.woff?2820a3852bdb9a5832199cc61cec4e65 @ https://v2payroll.kedebahlite.com/setup/statutory-rules:0
[   66977ms] [WARNING] OTS parsing error: invalid sfntVersion: 1008813135 @ https://v2payroll.kedebahlite.com/setup/statutory-rules:0
[   69993ms] [WARNING] The resource https://v2payroll.kedebahlite.com/build/assets/main-swWEpL5L.css was preloaded using link preload but not used within a few seconds from the window's load event. Please make sure it has an appropriate `as` value and it is preloaded intentionally. @ https://v2payroll.kedebahlite.com/setup/statutory-rules:0
[   69993ms] [WARNING] The resource https://v2payroll.kedebahlite.com/build/assets/app-BDow-Spr.css was preloaded using link preload but not used within a few seconds from the window's load event. Please make sure it has an appropriate `as` value and it is preloaded intentionally. @ https://v2payroll.kedebahlite.com/setup/statutory-rules:0
[  297062ms] [WARNING] Failed to decode downloaded font: https://v2payroll.kedebahlite.com/build/icon-fonts/RemixIcons/fonts/remixicon.woff2?t=1708865856766 @ https://v2payroll.kedebahlite.com/setup/statutory-rules:0
[  297063ms] [WARNING] OTS parsing error: invalid sfntVersion: 1008813135 @ https://v2payroll.kedebahlite.com/setup/statutory-rules:0
[  297063ms] [WARNING] Failed to decode downloaded font: https://v2payroll.kedebahlite.com/build/icon-fonts/RemixIcons/fonts/remixicon.woff?t=1708865856766 @ https://v2payroll.kedebahlite.com/setup/statutory-rules:0
[  297063ms] [WARNING] OTS parsing error: invalid sfntVersion: 1008813135 @ https://v2payroll.kedebahlite.com/setup/statutory-rules:0
[  297063ms] [WARNING] Failed to decode downloaded font: https://v2payroll.kedebahlite.com/build/icon-fonts/RemixIcons/fonts/remixicon.ttf?t=1708865856766 @ https://v2payroll.kedebahlite.com/setup/statutory-rules:0
[  297063ms] [WARNING] OTS parsing error: invalid sfntVersion: 1008813135 @ https://v2payroll.kedebahlite.com/setup/statutory-rules:0
[  297063ms] [WARNING] Failed to decode downloaded font: https://v2payroll.kedebahlite.com/build/icon-fonts/bootstrap-icons/icons/font/fonts/bootstrap-icons.woff2?2820a3852bdb9a5832199cc61cec4e65 @ https://v2payroll.kedebahlite.com/setup/statutory-rules:0
[  297063ms] [WARNING] OTS parsing error: invalid sfntVersion: 1008813135 @ https://v2payroll.kedebahlite.com/setup/statutory-rules:0
[  297063ms] [WARNING] Failed to decode downloaded font: https://v2payroll.kedebahlite.com/build/icon-fonts/bootstrap-icons/icons/font/fonts/bootstrap-icons.woff?2820a3852bdb9a5832199cc61cec4e65 @ https://v2payroll.kedebahlite.com/setup/statutory-rules:0
[  297064ms] [WARNING] OTS parsing error: invalid sfntVersion: 1008813135 @ https://v2payroll.kedebahlite.com/setup/statutory-rules:0
[  297171ms] [WARNING] Failed to decode downloaded font: https://v2payroll.kedebahlite.com/build/icon-fonts/RemixIcons/fonts/remixicon.woff2?t=1708865856766 @ https://v2payroll.kedebahlite.com/setup/statutory-rules:0
[  297171ms] [WARNING] OTS parsing error: invalid sfntVersion: 1008813135 @ https://v2payroll.kedebahlite.com/setup/statutory-rules:0
[  297171ms] [WARNING] Failed to decode downloaded font: https://v2payroll.kedebahlite.com/build/icon-fonts/RemixIcons/fonts/remixicon.woff?t=1708865856766 @ https://v2payroll.kedebahlite.com/setup/statutory-rules:0
[  297171ms] [WARNING] OTS parsing error: invalid sfntVersion: 1008813135 @ https://v2payroll.kedebahlite.com/setup/statutory-rules:0
[  297171ms] [WARNING] Failed to decode downloaded font: https://v2payroll.kedebahlite.com/build/icon-fonts/RemixIcons/fonts/remixicon.ttf?t=1708865856766 @ https://v2payroll.kedebahlite.com/setup/statutory-rules:0
[  297171ms] [WARNING] OTS parsing error: invalid sfntVersion: 1008813135 @ https://v2payroll.kedebahlite.com/setup/statutory-rules:0
[  297171ms] [WARNING] Failed to decode downloaded font: https://v2payroll.kedebahlite.com/build/icon-fonts/bootstrap-icons/icons/font/fonts/bootstrap-icons.woff2?2820a3852bdb9a5832199cc61cec4e65 @ https://v2payroll.kedebahlite.com/setup/statutory-rules:0
[  297171ms] [WARNING] OTS parsing error: invalid sfntVersion: 1008813135 @ https://v2payroll.kedebahlite.com/setup/statutory-rules:0
[  297171ms] [WARNING] Failed to decode downloaded font: https://v2payroll.kedebahlite.com/build/icon-fonts/bootstrap-icons/icons/font/fonts/bootstrap-icons.woff?2820a3852bdb9a5832199cc61cec4e65 @ https://v2payroll.kedebahlite.com/setup/statutory-rules:0
[  297171ms] [WARNING] OTS parsing error: invalid sfntVersion: 1008813135 @ https://v2payroll.kedebahlite.com/setup/statutory-rules:0
[  313529ms] [WARNING] The resource https://v2payroll.kedebahlite.com/build/assets/main-swWEpL5L.css was preloaded using link preload but not used within a few seconds from the window's load event. Please make sure it has an appropriate `as` value and it is preloaded intentionally. @ https://v2payroll.kedebahlite.com/setup/statutory-rules:0
[  313530ms] [WARNING] The resource https://v2payroll.kedebahlite.com/build/assets/app-BDow-Spr.css was preloaded using link preload but not used within a few seconds from the window's load event. Please make sure it has an appropriate `as` value and it is preloaded intentionally. @ https://v2payroll.kedebahlite.com/setup/statutory-rules:0
[  340239ms] [WARNING] Failed to decode downloaded font: https://v2payroll.kedebahlite.com/build/icon-fonts/RemixIcons/fonts/remixicon.woff2?t=1708865856766 @ https://v2payroll.kedebahlite.com/setup/statutory-rules:0
[  340239ms] [WARNING] OTS parsing error: invalid sfntVersion: 1008813135 @ https://v2payroll.kedebahlite.com/setup/statutory-rules:0
[  340239ms] [WARNING] Failed to decode downloaded font: https://v2payroll.kedebahlite.com/build/icon-fonts/RemixIcons/fonts/remixicon.woff?t=1708865856766 @ https://v2payroll.kedebahlite.com/setup/statutory-rules:0
[  340239ms] [WARNING] OTS parsing error: invalid sfntVersion: 1008813135 @ https://v2payroll.kedebahlite.com/setup/statutory-rules:0
[  340239ms] [WARNING] Failed to decode downloaded font: https://v2payroll.kedebahlite.com/build/icon-fonts/RemixIcons/fonts/remixicon.ttf?t=1708865856766 @ https://v2payroll.kedebahlite.com/setup/statutory-rules:0
[  340239ms] [WARNING] OTS parsing error: invalid sfntVersion: 1008813135 @ https://v2payroll.kedebahlite.com/setup/statutory-rules:0
[  340239ms] [WARNING] Failed to decode downloaded font: https://v2payroll.kedebahlite.com/build/icon-fonts/bootstrap-icons/icons/font/fonts/bootstrap-icons.woff2?2820a3852bdb9a5832199cc61cec4e65 @ https://v2payroll.kedebahlite.com/setup/statutory-rules:0
[  340239ms] [WARNING] OTS parsing error: invalid sfntVersion: 1008813135 @ https://v2payroll.kedebahlite.com/setup/statutory-rules:0
[  340239ms] [WARNING] Failed to decode downloaded font: https://v2payroll.kedebahlite.com/build/icon-fonts/bootstrap-icons/icons/font/fonts/bootstrap-icons.woff?2820a3852bdb9a5832199cc61cec4e65 @ https://v2payroll.kedebahlite.com/setup/statutory-rules:0
[  340239ms] [WARNING] OTS parsing error: invalid sfntVersion: 1008813135 @ https://v2payroll.kedebahlite.com/setup/statutory-rules:0
[  340278ms] [WARNING] Failed to decode downloaded font: https://v2payroll.kedebahlite.com/build/icon-fonts/RemixIcons/fonts/remixicon.woff2?t=1708865856766 @ https://v2payroll.kedebahlite.com/setup/statutory-rules:0
[  340278ms] [WARNING] OTS parsing error: invalid sfntVersion: 1008813135 @ https://v2payroll.kedebahlite.com/setup/statutory-rules:0
[  340278ms] [WARNING] Failed to decode downloaded font: https://v2payroll.kedebahlite.com/build/icon-fonts/RemixIcons/fonts/remixicon.woff?t=1708865856766 @ https://v2payroll.kedebahlite.com/setup/statutory-rules:0
[  340278ms] [WARNING] OTS parsing error: invalid sfntVersion: 1008813135 @ https://v2payroll.kedebahlite.com/setup/statutory-rules:0
[  340278ms] [WARNING] Failed to decode downloaded font: https://v2payroll.kedebahlite.com/build/icon-fonts/RemixIcons/fonts/remixicon.ttf?t=1708865856766 @ https://v2payroll.kedebahlite.com/setup/statutory-rules:0
[  340278ms] [WARNING] OTS parsing error: invalid sfntVersion: 1008813135 @ https://v2payroll.kedebahlite.com/setup/statutory-rules:0
[  340278ms] [WARNING] Failed to decode downloaded font: https://v2payroll.kedebahlite.com/build/icon-fonts/bootstrap-icons/icons/font/fonts/bootstrap-icons.woff2?2820a3852bdb9a5832199cc61cec4e65 @ https://v2payroll.kedebahlite.com/setup/statutory-rules:0
[  340278ms] [WARNING] OTS parsing error: invalid sfntVersion: 1008813135 @ https://v2payroll.kedebahlite.com/setup/statutory-rules:0
[  340278ms] [WARNING] Failed to decode downloaded font: https://v2payroll.kedebahlite.com/build/icon-fonts/bootstrap-icons/icons/font/fonts/bootstrap-icons.woff?2820a3852bdb9a5832199cc61cec4e65 @ https://v2payroll.kedebahlite.com/setup/statutory-rules:0
[  340278ms] [WARNING] OTS parsing error: invalid sfntVersion: 1008813135 @ https://v2payroll.kedebahlite.com/setup/statutory-rules:0
[  375412ms] [WARNING] Failed to decode downloaded font: https://v2payroll.kedebahlite.com/build/icon-fonts/RemixIcons/fonts/remixicon.woff2?t=1708865856766 @ https://v2payroll.kedebahlite.com/setup/statutory-rules:0
[  375412ms] [WARNING] OTS parsing error: invalid sfntVersion: 1008813135 @ https://v2payroll.kedebahlite.com/setup/statutory-rules:0
[  375412ms] [WARNING] Failed to decode downloaded font: https://v2payroll.kedebahlite.com/build/icon-fonts/RemixIcons/fonts/remixicon.woff?t=1708865856766 @ https://v2payroll.kedebahlite.com/setup/statutory-rules:0
[  375412ms] [WARNING] OTS parsing error: invalid sfntVersion: 1008813135 @ https://v2payroll.kedebahlite.com/setup/statutory-rules:0
[  375412ms] [WARNING] Failed to decode downloaded font: https://v2payroll.kedebahlite.com/build/icon-fonts/RemixIcons/fonts/remixicon.ttf?t=1708865856766 @ https://v2payroll.kedebahlite.com/setup/statutory-rules:0
[  375412ms] [WARNING] OTS parsing error: invalid sfntVersion: 1008813135 @ https://v2payroll.kedebahlite.com/setup/statutory-rules:0
[  375412ms] [WARNING] Failed to decode downloaded font: https://v2payroll.kedebahlite.com/build/icon-fonts/bootstrap-icons/icons/font/fonts/bootstrap-icons.woff2?2820a3852bdb9a5832199cc61cec4e65 @ https://v2payroll.kedebahlite.com/setup/statutory-rules:0
[  375412ms] [WARNING] OTS parsing error: invalid sfntVersion: 1008813135 @ https://v2payroll.kedebahlite.com/setup/statutory-rules:0
[  375412ms] [WARNING] Failed to decode downloaded font: https://v2payroll.kedebahlite.com/build/icon-fonts/bootstrap-icons/icons/font/fonts/bootstrap-icons.woff?2820a3852bdb9a5832199cc61cec4e65 @ https://v2payroll.kedebahlite.com/setup/statutory-rules:0
[  375412ms] [WARNING] OTS parsing error: invalid sfntVersion: 1008813135 @ https://v2payroll.kedebahlite.com/setup/statutory-rules:0
[  375445ms] [WARNING] Failed to decode downloaded font: https://v2payroll.kedebahlite.com/build/icon-fonts/RemixIcons/fonts/remixicon.woff2?t=1708865856766 @ https://v2payroll.kedebahlite.com/setup/statutory-rules:0
[  375445ms] [WARNING] OTS parsing error: invalid sfntVersion: 1008813135 @ https://v2payroll.kedebahlite.com/setup/statutory-rules:0
[  375445ms] [WARNING] Failed to decode downloaded font: https://v2payroll.kedebahlite.com/build/icon-fonts/RemixIcons/fonts/remixicon.woff?t=1708865856766 @ https://v2payroll.kedebahlite.com/setup/statutory-rules:0
[  375445ms] [WARNING] OTS parsing error: invalid sfntVersion: 1008813135 @ https://v2payroll.kedebahlite.com/setup/statutory-rules:0
[  375445ms] [WARNING] Failed to decode downloaded font: https://v2payroll.kedebahlite.com/build/icon-fonts/RemixIcons/fonts/remixicon.ttf?t=1708865856766 @ https://v2payroll.kedebahlite.com/setup/statutory-rules:0
[  375445ms] [WARNING] OTS parsing error: invalid sfntVersion: 1008813135 @ https://v2payroll.kedebahlite.com/setup/statutory-rules:0
[  375445ms] [WARNING] Failed to decode downloaded font: https://v2payroll.kedebahlite.com/build/icon-fonts/bootstrap-icons/icons/font/fonts/bootstrap-icons.woff2?2820a3852bdb9a5832199cc61cec4e65 @ https://v2payroll.kedebahlite.com/setup/statutory-rules:0
[  375445ms] [WARNING] OTS parsing error: invalid sfntVersion: 1008813135 @ https://v2payroll.kedebahlite.com/setup/statutory-rules:0
[  375445ms] [WARNING] Failed to decode downloaded font: https://v2payroll.kedebahlite.com/build/icon-fonts/bootstrap-icons/icons/font/fonts/bootstrap-icons.woff?2820a3852bdb9a5832199cc61cec4e65 @ https://v2payroll.kedebahlite.com/setup/statutory-rules:0
[  375445ms] [WARNING] OTS parsing error: invalid sfntVersion: 1008813135 @ https://v2payroll.kedebahlite.com/setup/statutory-rules:0
