[   10717ms] [WARNING] Failed to decode downloaded font: https://v2payroll.kedebahlite.com/build/icon-fonts/RemixIcons/fonts/remixicon.woff2?t=1708865856766 @ https://v2payroll.kedebahlite.com/dashboard:0
[   10717ms] [WARNING] OTS parsing error: invalid sfntVersion: 1008813135 @ https://v2payroll.kedebahlite.com/dashboard:0
[   11799ms] [WARNING] Failed to decode downloaded font: https://v2payroll.kedebahlite.com/build/icon-fonts/RemixIcons/fonts/remixicon.woff?t=1708865856766 @ https://v2payroll.kedebahlite.com/dashboard:0
[   11799ms] [WARNING] OTS parsing error: invalid sfntVersion: 1008813135 @ https://v2payroll.kedebahlite.com/dashboard:0
[   12804ms] [WARNING] Failed to decode downloaded font: https://v2payroll.kedebahlite.com/build/icon-fonts/RemixIcons/fonts/remixicon.ttf?t=1708865856766 @ https://v2payroll.kedebahlite.com/dashboard:0
[   12804ms] [WARNING] OTS parsing error: invalid sfntVersion: 1008813135 @ https://v2payroll.kedebahlite.com/dashboard:0
[   19664ms] [WARNING] Failed to decode downloaded font: https://v2payroll.kedebahlite.com/build/icon-fonts/RemixIcons/fonts/remixicon.woff2?t=1708865856766 @ https://v2payroll.kedebahlite.com/build/assets/main-B7w2q8Ph.js:88
[   19664ms] [WARNING] OTS parsing error: invalid sfntVersion: 1008813135 @ https://v2payroll.kedebahlite.com/build/assets/main-B7w2q8Ph.js:88
[   19664ms] [WARNING] Failed to decode downloaded font: https://v2payroll.kedebahlite.com/build/icon-fonts/RemixIcons/fonts/remixicon.woff?t=1708865856766 @ https://v2payroll.kedebahlite.com/build/assets/main-B7w2q8Ph.js:88
[   19665ms] [WARNING] OTS parsing error: invalid sfntVersion: 1008813135 @ https://v2payroll.kedebahlite.com/build/assets/main-B7w2q8Ph.js:88
[   19665ms] [WARNING] Failed to decode downloaded font: https://v2payroll.kedebahlite.com/build/icon-fonts/RemixIcons/fonts/remixicon.ttf?t=1708865856766 @ https://v2payroll.kedebahlite.com/build/assets/main-B7w2q8Ph.js:88
[   19665ms] [WARNING] OTS parsing error: invalid sfntVersion: 1008813135 @ https://v2payroll.kedebahlite.com/build/assets/main-B7w2q8Ph.js:88
[   33402ms] [WARNING] Failed to decode downloaded font: https://v2payroll.kedebahlite.com/build/icon-fonts/RemixIcons/fonts/remixicon.woff2?t=1708865856766 @ https://v2payroll.kedebahlite.com/dashboard:0
[   33402ms] [WARNING] OTS parsing error: invalid sfntVersion: 1008813135 @ https://v2payroll.kedebahlite.com/dashboard:0
[   33402ms] [WARNING] Failed to decode downloaded font: https://v2payroll.kedebahlite.com/build/icon-fonts/RemixIcons/fonts/remixicon.woff?t=1708865856766 @ https://v2payroll.kedebahlite.com/dashboard:0
[   33402ms] [WARNING] OTS parsing error: invalid sfntVersion: 1008813135 @ https://v2payroll.kedebahlite.com/dashboard:0
[   33403ms] [WARNING] Failed to decode downloaded font: https://v2payroll.kedebahlite.com/build/icon-fonts/RemixIcons/fonts/remixicon.ttf?t=1708865856766 @ https://v2payroll.kedebahlite.com/dashboard:0
[   33403ms] [WARNING] OTS parsing error: invalid sfntVersion: 1008813135 @ https://v2payroll.kedebahlite.com/dashboard:0
[   37066ms] [INFO] Slow network is detected. See https://www.chromestatus.com/feature/5636954674692096 for more details. Fallback font will be used while loading: https://fonts.gstatic.com/s/figtree/v9/_Xms-HUzqDCFdgfMm4S9DaRvzig.woff2 @ https://v2.kedebahlite.com/clients/sign-in:0
[   37115ms] [WARNING] Echo/Reverb not initialized: Missing VITE_REVERB_APP_KEY or VITE_REVERB_HOST @ https://v2.kedebahlite.com/build/assets/app-CuEKjsQq.js:8
[   37856ms] [VERBOSE] [DOM] Input elements should have autocomplete attributes (suggested: "username"): (More info: https://goo.gl/9p2vKq) %o @ https://v2.kedebahlite.com/clients/sign-in:0
[   79009ms] [ERROR] Failed to load resource: the server responded with a status of 409 () @ https://v2.kedebahlite.com/R-4833-O45/clients/select-module:0
[   90886ms] [WARNING] Failed to decode downloaded font: https://v2payroll.kedebahlite.com/build/icon-fonts/RemixIcons/fonts/remixicon.woff2?t=1708865856766 @ https://v2payroll.kedebahlite.com/dashboard:0
[   90886ms] [WARNING] OTS parsing error: invalid sfntVersion: 1008813135 @ https://v2payroll.kedebahlite.com/dashboard:0
[   91866ms] [WARNING] Failed to decode downloaded font: https://v2payroll.kedebahlite.com/build/icon-fonts/RemixIcons/fonts/remixicon.woff?t=1708865856766 @ https://v2payroll.kedebahlite.com/dashboard:0
[   91866ms] [WARNING] OTS parsing error: invalid sfntVersion: 1008813135 @ https://v2payroll.kedebahlite.com/dashboard:0
[   92898ms] [WARNING] Failed to decode downloaded font: https://v2payroll.kedebahlite.com/build/icon-fonts/RemixIcons/fonts/remixicon.ttf?t=1708865856766 @ https://v2payroll.kedebahlite.com/dashboard:0
[   92898ms] [WARNING] OTS parsing error: invalid sfntVersion: 1008813135 @ https://v2payroll.kedebahlite.com/dashboard:0
[   99429ms] [WARNING] Failed to decode downloaded font: https://v2payroll.kedebahlite.com/build/icon-fonts/RemixIcons/fonts/remixicon.woff2?t=1708865856766 @ https://v2payroll.kedebahlite.com/build/assets/main-B7w2q8Ph.js:88
[   99430ms] [WARNING] OTS parsing error: invalid sfntVersion: 1008813135 @ https://v2payroll.kedebahlite.com/build/assets/main-B7w2q8Ph.js:88
[   99430ms] [WARNING] Failed to decode downloaded font: https://v2payroll.kedebahlite.com/build/icon-fonts/RemixIcons/fonts/remixicon.woff?t=1708865856766 @ https://v2payroll.kedebahlite.com/build/assets/main-B7w2q8Ph.js:88
[   99430ms] [WARNING] OTS parsing error: invalid sfntVersion: 1008813135 @ https://v2payroll.kedebahlite.com/build/assets/main-B7w2q8Ph.js:88
[   99430ms] [WARNING] Failed to decode downloaded font: https://v2payroll.kedebahlite.com/build/icon-fonts/RemixIcons/fonts/remixicon.ttf?t=1708865856766 @ https://v2payroll.kedebahlite.com/build/assets/main-B7w2q8Ph.js:88
[   99430ms] [WARNING] OTS parsing error: invalid sfntVersion: 1008813135 @ https://v2payroll.kedebahlite.com/build/assets/main-B7w2q8Ph.js:88
[  100317ms] [WARNING] Failed to decode downloaded font: https://v2payroll.kedebahlite.com/build/icon-fonts/RemixIcons/fonts/remixicon.woff2?t=1708865856766 @ https://v2payroll.kedebahlite.com/build/assets/main-B7w2q8Ph.js:1
[  100317ms] [WARNING] OTS parsing error: invalid sfntVersion: 1008813135 @ https://v2payroll.kedebahlite.com/build/assets/main-B7w2q8Ph.js:1
[  100317ms] [WARNING] Failed to decode downloaded font: https://v2payroll.kedebahlite.com/build/icon-fonts/RemixIcons/fonts/remixicon.woff?t=1708865856766 @ https://v2payroll.kedebahlite.com/build/assets/main-B7w2q8Ph.js:1
[  100317ms] [WARNING] OTS parsing error: invalid sfntVersion: 1008813135 @ https://v2payroll.kedebahlite.com/build/assets/main-B7w2q8Ph.js:1
[  100317ms] [WARNING] Failed to decode downloaded font: https://v2payroll.kedebahlite.com/build/icon-fonts/RemixIcons/fonts/remixicon.ttf?t=1708865856766 @ https://v2payroll.kedebahlite.com/build/assets/main-B7w2q8Ph.js:1
[  100317ms] [WARNING] OTS parsing error: invalid sfntVersion: 1008813135 @ https://v2payroll.kedebahlite.com/build/assets/main-B7w2q8Ph.js:1
[  100335ms] [WARNING] Failed to decode downloaded font: https://v2payroll.kedebahlite.com/build/icon-fonts/RemixIcons/fonts/remixicon.woff2?t=1708865856766 @ https://v2payroll.kedebahlite.com/build/assets/main-B7w2q8Ph.js:1
[  100335ms] [WARNING] OTS parsing error: invalid sfntVersion: 1008813135 @ https://v2payroll.kedebahlite.com/build/assets/main-B7w2q8Ph.js:1
[  100335ms] [WARNING] Failed to decode downloaded font: https://v2payroll.kedebahlite.com/build/icon-fonts/RemixIcons/fonts/remixicon.woff?t=1708865856766 @ https://v2payroll.kedebahlite.com/build/assets/main-B7w2q8Ph.js:1
[  100335ms] [WARNING] OTS parsing error: invalid sfntVersion: 1008813135 @ https://v2payroll.kedebahlite.com/build/assets/main-B7w2q8Ph.js:1
[  100335ms] [WARNING] Failed to decode downloaded font: https://v2payroll.kedebahlite.com/build/icon-fonts/RemixIcons/fonts/remixicon.ttf?t=1708865856766 @ https://v2payroll.kedebahlite.com/build/assets/main-B7w2q8Ph.js:1
[  100335ms] [WARNING] OTS parsing error: invalid sfntVersion: 1008813135 @ https://v2payroll.kedebahlite.com/build/assets/main-B7w2q8Ph.js:1
[  250222ms] [ERROR] Failed to load resource: the server responded with a status of 422 () @ https://v2payroll.kedebahlite.com/api/v1/payrollApi/pay-runs/12:0
[ 1326804ms] [ERROR] Failed to load resource: net::ERR_NETWORK_CHANGED @ https://v2payroll.kedebahlite.com/api/v1/payrollApi/dashboard/compliance-alerts:0
[ 1326955ms] [ERROR] Failed to load resource: net::ERR_INTERNET_DISCONNECTED @ https://v2payroll.kedebahlite.com/api/v1/payrollApi/dashboard/compliance-alerts:0
[ 1589246ms] [ERROR] Failed to load resource: net::ERR_INTERNET_DISCONNECTED @ https://v2payroll.kedebahlite.com/api/v1/payrollApi/dashboard/compliance-alerts:0
[ 1589254ms] [ERROR] Failed to load resource: net::ERR_INTERNET_DISCONNECTED @ https://v2payroll.kedebahlite.com/api/v1/payrollApi/dashboard/compliance-alerts:0
[ 2787087ms] [ERROR] Failed to load resource: net::ERR_INTERNET_DISCONNECTED @ https://v2payroll.kedebahlite.com/api/v1/payrollApi/dashboard/compliance-alerts:0
[ 2787091ms] [ERROR] Failed to load resource: net::ERR_INTERNET_DISCONNECTED @ https://v2payroll.kedebahlite.com/api/v1/payrollApi/dashboard/compliance-alerts:0
[ 3087061ms] [ERROR] Failed to load resource: net::ERR_INTERNET_DISCONNECTED @ https://v2payroll.kedebahlite.com/api/v1/payrollApi/dashboard/compliance-alerts:0
[ 3087065ms] [ERROR] Failed to load resource: net::ERR_INTERNET_DISCONNECTED @ https://v2payroll.kedebahlite.com/api/v1/payrollApi/dashboard/compliance-alerts:0
[ 3387046ms] [ERROR] Failed to load resource: net::ERR_INTERNET_DISCONNECTED @ https://v2payroll.kedebahlite.com/api/v1/payrollApi/dashboard/compliance-alerts:0
[ 3387051ms] [ERROR] Failed to load resource: net::ERR_INTERNET_DISCONNECTED @ https://v2payroll.kedebahlite.com/api/v1/payrollApi/dashboard/compliance-alerts:0
[ 3687036ms] [ERROR] Failed to load resource: net::ERR_INTERNET_DISCONNECTED @ https://v2payroll.kedebahlite.com/api/v1/payrollApi/dashboard/compliance-alerts:0
[ 3687044ms] [ERROR] Failed to load resource: net::ERR_INTERNET_DISCONNECTED @ https://v2payroll.kedebahlite.com/api/v1/payrollApi/dashboard/compliance-alerts:0
[ 3987022ms] [ERROR] Failed to load resource: net::ERR_INTERNET_DISCONNECTED @ https://v2payroll.kedebahlite.com/api/v1/payrollApi/dashboard/compliance-alerts:0
[ 3987027ms] [ERROR] Failed to load resource: net::ERR_INTERNET_DISCONNECTED @ https://v2payroll.kedebahlite.com/api/v1/payrollApi/dashboard/compliance-alerts:0
[ 4287003ms] [ERROR] Failed to load resource: net::ERR_INTERNET_DISCONNECTED @ https://v2payroll.kedebahlite.com/api/v1/payrollApi/dashboard/compliance-alerts:0
[ 4287006ms] [ERROR] Failed to load resource: net::ERR_INTERNET_DISCONNECTED @ https://v2payroll.kedebahlite.com/api/v1/payrollApi/dashboard/compliance-alerts:0
[ 4587010ms] [ERROR] Failed to load resource: net::ERR_INTERNET_DISCONNECTED @ https://v2payroll.kedebahlite.com/api/v1/payrollApi/dashboard/compliance-alerts:0
[ 4587016ms] [ERROR] Failed to load resource: net::ERR_INTERNET_DISCONNECTED @ https://v2payroll.kedebahlite.com/api/v1/payrollApi/dashboard/compliance-alerts:0
