[    8978ms] [WARNING] Failed to decode downloaded font: https://v2payroll.kedebahlite.com/build/icon-fonts/RemixIcons/fonts/remixicon.woff2?t=1708865856766 @ https://v2payroll.kedebahlite.com/dashboard:0
[    8978ms] [WARNING] OTS parsing error: invalid sfntVersion: 1008813135 @ https://v2payroll.kedebahlite.com/dashboard:0
[   10361ms] [WARNING] Failed to decode downloaded font: https://v2payroll.kedebahlite.com/build/icon-fonts/RemixIcons/fonts/remixicon.woff?t=1708865856766 @ https://v2payroll.kedebahlite.com/dashboard:0
[   10361ms] [WARNING] OTS parsing error: invalid sfntVersion: 1008813135 @ https://v2payroll.kedebahlite.com/dashboard:0
[   11602ms] [WARNING] Failed to decode downloaded font: https://v2payroll.kedebahlite.com/build/icon-fonts/RemixIcons/fonts/remixicon.ttf?t=1708865856766 @ https://v2payroll.kedebahlite.com/dashboard:0
[   11602ms] [WARNING] OTS parsing error: invalid sfntVersion: 1008813135 @ https://v2payroll.kedebahlite.com/dashboard:0
[   18112ms] [WARNING] Failed to decode downloaded font: https://v2payroll.kedebahlite.com/build/icon-fonts/RemixIcons/fonts/remixicon.woff2?t=1708865856766 @ https://v2payroll.kedebahlite.com/build/assets/main-B7w2q8Ph.js:88
[   18112ms] [WARNING] OTS parsing error: invalid sfntVersion: 1008813135 @ https://v2payroll.kedebahlite.com/build/assets/main-B7w2q8Ph.js:88
[   18112ms] [WARNING] Failed to decode downloaded font: https://v2payroll.kedebahlite.com/build/icon-fonts/RemixIcons/fonts/remixicon.woff?t=1708865856766 @ https://v2payroll.kedebahlite.com/build/assets/main-B7w2q8Ph.js:88
[   18112ms] [WARNING] OTS parsing error: invalid sfntVersion: 1008813135 @ https://v2payroll.kedebahlite.com/build/assets/main-B7w2q8Ph.js:88
[   18112ms] [WARNING] Failed to decode downloaded font: https://v2payroll.kedebahlite.com/build/icon-fonts/RemixIcons/fonts/remixicon.ttf?t=1708865856766 @ https://v2payroll.kedebahlite.com/build/assets/main-B7w2q8Ph.js:88
[   18112ms] [WARNING] OTS parsing error: invalid sfntVersion: 1008813135 @ https://v2payroll.kedebahlite.com/build/assets/main-B7w2q8Ph.js:88
[   26714ms] [WARNING] Failed to decode downloaded font: https://v2payroll.kedebahlite.com/build/icon-fonts/RemixIcons/fonts/remixicon.woff2?t=1708865856766 @ https://v2payroll.kedebahlite.com/build/assets/main-B7w2q8Ph.js:4
[   26714ms] [WARNING] OTS parsing error: invalid sfntVersion: 1008813135 @ https://v2payroll.kedebahlite.com/build/assets/main-B7w2q8Ph.js:4
[   26714ms] [WARNING] Failed to decode downloaded font: https://v2payroll.kedebahlite.com/build/icon-fonts/RemixIcons/fonts/remixicon.woff?t=1708865856766 @ https://v2payroll.kedebahlite.com/build/assets/main-B7w2q8Ph.js:4
[   26714ms] [WARNING] OTS parsing error: invalid sfntVersion: 1008813135 @ https://v2payroll.kedebahlite.com/build/assets/main-B7w2q8Ph.js:4
[   26714ms] [WARNING] Failed to decode downloaded font: https://v2payroll.kedebahlite.com/build/icon-fonts/RemixIcons/fonts/remixicon.ttf?t=1708865856766 @ https://v2payroll.kedebahlite.com/build/assets/main-B7w2q8Ph.js:4
[   26714ms] [WARNING] OTS parsing error: invalid sfntVersion: 1008813135 @ https://v2payroll.kedebahlite.com/build/assets/main-B7w2q8Ph.js:4
[   26718ms] [WARNING] Failed to decode downloaded font: https://v2payroll.kedebahlite.com/build/icon-fonts/RemixIcons/fonts/remixicon.woff2?t=1708865856766 @ https://v2payroll.kedebahlite.com/build/assets/main-B7w2q8Ph.js:4
[   26718ms] [WARNING] OTS parsing error: invalid sfntVersion: 1008813135 @ https://v2payroll.kedebahlite.com/build/assets/main-B7w2q8Ph.js:4
[   26718ms] [WARNING] Failed to decode downloaded font: https://v2payroll.kedebahlite.com/build/icon-fonts/RemixIcons/fonts/remixicon.woff?t=1708865856766 @ https://v2payroll.kedebahlite.com/build/assets/main-B7w2q8Ph.js:4
[   26718ms] [WARNING] OTS parsing error: invalid sfntVersion: 1008813135 @ https://v2payroll.kedebahlite.com/build/assets/main-B7w2q8Ph.js:4
[   26718ms] [WARNING] Failed to decode downloaded font: https://v2payroll.kedebahlite.com/build/icon-fonts/RemixIcons/fonts/remixicon.ttf?t=1708865856766 @ https://v2payroll.kedebahlite.com/build/assets/main-B7w2q8Ph.js:4
[   26718ms] [WARNING] OTS parsing error: invalid sfntVersion: 1008813135 @ https://v2payroll.kedebahlite.com/build/assets/main-B7w2q8Ph.js:4
[   26725ms] [WARNING] Failed to decode downloaded font: https://v2payroll.kedebahlite.com/build/icon-fonts/RemixIcons/fonts/remixicon.woff2?t=1708865856766 @ https://v2payroll.kedebahlite.com/build/assets/main-B7w2q8Ph.js:4
[   26725ms] [WARNING] OTS parsing error: invalid sfntVersion: 1008813135 @ https://v2payroll.kedebahlite.com/build/assets/main-B7w2q8Ph.js:4
[   26725ms] [WARNING] Failed to decode downloaded font: https://v2payroll.kedebahlite.com/build/icon-fonts/RemixIcons/fonts/remixicon.woff?t=1708865856766 @ https://v2payroll.kedebahlite.com/build/assets/main-B7w2q8Ph.js:4
[   26725ms] [WARNING] OTS parsing error: invalid sfntVersion: 1008813135 @ https://v2payroll.kedebahlite.com/build/assets/main-B7w2q8Ph.js:4
[   26725ms] [WARNING] Failed to decode downloaded font: https://v2payroll.kedebahlite.com/build/icon-fonts/RemixIcons/fonts/remixicon.ttf?t=1708865856766 @ https://v2payroll.kedebahlite.com/build/assets/main-B7w2q8Ph.js:4
[   26725ms] [WARNING] OTS parsing error: invalid sfntVersion: 1008813135 @ https://v2payroll.kedebahlite.com/build/assets/main-B7w2q8Ph.js:4
[   26761ms] [WARNING] Failed to decode downloaded font: https://v2payroll.kedebahlite.com/build/icon-fonts/RemixIcons/fonts/remixicon.woff2?t=1708865856766 @ https://v2payroll.kedebahlite.com/build/assets/main-B7w2q8Ph.js:4
[   26761ms] [WARNING] OTS parsing error: invalid sfntVersion: 1008813135 @ https://v2payroll.kedebahlite.com/build/assets/main-B7w2q8Ph.js:4
[   26761ms] [WARNING] Failed to decode downloaded font: https://v2payroll.kedebahlite.com/build/icon-fonts/RemixIcons/fonts/remixicon.woff?t=1708865856766 @ https://v2payroll.kedebahlite.com/build/assets/main-B7w2q8Ph.js:4
[   26761ms] [WARNING] OTS parsing error: invalid sfntVersion: 1008813135 @ https://v2payroll.kedebahlite.com/build/assets/main-B7w2q8Ph.js:4
[   26761ms] [WARNING] Failed to decode downloaded font: https://v2payroll.kedebahlite.com/build/icon-fonts/RemixIcons/fonts/remixicon.ttf?t=1708865856766 @ https://v2payroll.kedebahlite.com/build/assets/main-B7w2q8Ph.js:4
[   26761ms] [WARNING] OTS parsing error: invalid sfntVersion: 1008813135 @ https://v2payroll.kedebahlite.com/build/assets/main-B7w2q8Ph.js:4
[   26764ms] [WARNING] Failed to decode downloaded font: https://v2payroll.kedebahlite.com/build/icon-fonts/RemixIcons/fonts/remixicon.woff2?t=1708865856766 @ https://v2payroll.kedebahlite.com/build/assets/main-B7w2q8Ph.js:88
[   26764ms] [WARNING] OTS parsing error: invalid sfntVersion: 1008813135 @ https://v2payroll.kedebahlite.com/build/assets/main-B7w2q8Ph.js:88
[   26764ms] [WARNING] Failed to decode downloaded font: https://v2payroll.kedebahlite.com/build/icon-fonts/RemixIcons/fonts/remixicon.woff?t=1708865856766 @ https://v2payroll.kedebahlite.com/build/assets/main-B7w2q8Ph.js:88
[   26764ms] [WARNING] OTS parsing error: invalid sfntVersion: 1008813135 @ https://v2payroll.kedebahlite.com/build/assets/main-B7w2q8Ph.js:88
[   26764ms] [WARNING] Failed to decode downloaded font: https://v2payroll.kedebahlite.com/build/icon-fonts/RemixIcons/fonts/remixicon.ttf?t=1708865856766 @ https://v2payroll.kedebahlite.com/build/assets/main-B7w2q8Ph.js:88
[   26764ms] [WARNING] OTS parsing error: invalid sfntVersion: 1008813135 @ https://v2payroll.kedebahlite.com/build/assets/main-B7w2q8Ph.js:88
