[    8106ms] [WARNING] Failed to decode downloaded font: https://v2payroll.kedebahlite.com/build/icon-fonts/RemixIcons/fonts/remixicon.woff2?t=1708865856766 @ https://v2payroll.kedebahlite.com/payroll:0
[    8106ms] [WARNING] OTS parsing error: invalid sfntVersion: 1008813135 @ https://v2payroll.kedebahlite.com/payroll:0
[    9157ms] [WARNING] Failed to decode downloaded font: https://v2payroll.kedebahlite.com/build/icon-fonts/RemixIcons/fonts/remixicon.woff?t=1708865856766 @ https://v2payroll.kedebahlite.com/payroll:0
[    9157ms] [WARNING] OTS parsing error: invalid sfntVersion: 1008813135 @ https://v2payroll.kedebahlite.com/payroll:0
[   10152ms] [WARNING] Failed to decode downloaded font: https://v2payroll.kedebahlite.com/build/icon-fonts/RemixIcons/fonts/remixicon.ttf?t=1708865856766 @ https://v2payroll.kedebahlite.com/payroll:0
[   10152ms] [WARNING] OTS parsing error: invalid sfntVersion: 1008813135 @ https://v2payroll.kedebahlite.com/payroll:0
[  167609ms] [WARNING] Failed to decode downloaded font: https://v2payroll.kedebahlite.com/build/icon-fonts/RemixIcons/fonts/remixicon.woff2?t=1708865856766 @ https://v2payroll.kedebahlite.com/payroll:0
[  167609ms] [WARNING] OTS parsing error: invalid sfntVersion: 1008813135 @ https://v2payroll.kedebahlite.com/payroll:0
[  167609ms] [WARNING] Failed to decode downloaded font: https://v2payroll.kedebahlite.com/build/icon-fonts/RemixIcons/fonts/remixicon.woff?t=1708865856766 @ https://v2payroll.kedebahlite.com/payroll:0
[  167609ms] [WARNING] OTS parsing error: invalid sfntVersion: 1008813135 @ https://v2payroll.kedebahlite.com/payroll:0
[  167609ms] [WARNING] Failed to decode downloaded font: https://v2payroll.kedebahlite.com/build/icon-fonts/RemixIcons/fonts/remixicon.ttf?t=1708865856766 @ https://v2payroll.kedebahlite.com/payroll:0
[  167609ms] [WARNING] OTS parsing error: invalid sfntVersion: 1008813135 @ https://v2payroll.kedebahlite.com/payroll:0
[  167644ms] [WARNING] Failed to decode downloaded font: https://v2payroll.kedebahlite.com/build/icon-fonts/RemixIcons/fonts/remixicon.woff2?t=1708865856766 @ https://v2payroll.kedebahlite.com/payroll:0
[  167644ms] [WARNING] OTS parsing error: invalid sfntVersion: 1008813135 @ https://v2payroll.kedebahlite.com/payroll:0
[  167644ms] [WARNING] Failed to decode downloaded font: https://v2payroll.kedebahlite.com/build/icon-fonts/RemixIcons/fonts/remixicon.woff?t=1708865856766 @ https://v2payroll.kedebahlite.com/payroll:0
[  167644ms] [WARNING] OTS parsing error: invalid sfntVersion: 1008813135 @ https://v2payroll.kedebahlite.com/payroll:0
[  167644ms] [WARNING] Failed to decode downloaded font: https://v2payroll.kedebahlite.com/build/icon-fonts/RemixIcons/fonts/remixicon.ttf?t=1708865856766 @ https://v2payroll.kedebahlite.com/payroll:0
[  167644ms] [WARNING] OTS parsing error: invalid sfntVersion: 1008813135 @ https://v2payroll.kedebahlite.com/payroll:0
[  169057ms] [WARNING] Failed to decode downloaded font: https://v2payroll.kedebahlite.com/build/icon-fonts/bootstrap-icons/icons/font/fonts/bootstrap-icons.woff2?2820a3852bdb9a5832199cc61cec4e65 @ https://v2payroll.kedebahlite.com/payroll:0
[  169058ms] [WARNING] OTS parsing error: invalid sfntVersion: 1008813135 @ https://v2payroll.kedebahlite.com/payroll:0
[  169058ms] [WARNING] Failed to decode downloaded font: https://v2payroll.kedebahlite.com/build/icon-fonts/bootstrap-icons/icons/font/fonts/bootstrap-icons.woff2?2820a3852bdb9a5832199cc61cec4e65 @ https://v2payroll.kedebahlite.com/payroll:0
[  169058ms] [WARNING] OTS parsing error: invalid sfntVersion: 1008813135 @ https://v2payroll.kedebahlite.com/payroll:0
[  170123ms] [WARNING] Failed to decode downloaded font: https://v2payroll.kedebahlite.com/build/icon-fonts/bootstrap-icons/icons/font/fonts/bootstrap-icons.woff?2820a3852bdb9a5832199cc61cec4e65 @ https://v2payroll.kedebahlite.com/payroll:0
[  170123ms] [WARNING] OTS parsing error: invalid sfntVersion: 1008813135 @ https://v2payroll.kedebahlite.com/payroll:0
[  170123ms] [WARNING] Failed to decode downloaded font: https://v2payroll.kedebahlite.com/build/icon-fonts/bootstrap-icons/icons/font/fonts/bootstrap-icons.woff?2820a3852bdb9a5832199cc61cec4e65 @ https://v2payroll.kedebahlite.com/payroll:0
[  170123ms] [WARNING] OTS parsing error: invalid sfntVersion: 1008813135 @ https://v2payroll.kedebahlite.com/payroll:0
[  173125ms] [WARNING] The resource https://v2payroll.kedebahlite.com/build/assets/main-swWEpL5L.css was preloaded using link preload but not used within a few seconds from the window's load event. Please make sure it has an appropriate `as` value and it is preloaded intentionally. @ https://v2payroll.kedebahlite.com/payroll:0
[  173125ms] [WARNING] The resource https://v2payroll.kedebahlite.com/build/assets/app-BDow-Spr.css was preloaded using link preload but not used within a few seconds from the window's load event. Please make sure it has an appropriate `as` value and it is preloaded intentionally. @ https://v2payroll.kedebahlite.com/payroll:0
[  312262ms] [WARNING] The resource https://v2payroll.kedebahlite.com/build/assets/main-swWEpL5L.css was preloaded using link preload but not used within a few seconds from the window's load event. Please make sure it has an appropriate `as` value and it is preloaded intentionally. @ https://v2payroll.kedebahlite.com/payroll/bonus/3/employees:0
[  312262ms] [WARNING] The resource https://v2payroll.kedebahlite.com/build/assets/app-BDow-Spr.css was preloaded using link preload but not used within a few seconds from the window's load event. Please make sure it has an appropriate `as` value and it is preloaded intentionally. @ https://v2payroll.kedebahlite.com/payroll/bonus/3/employees:0
[  350850ms] [WARNING] Failed to decode downloaded font: https://v2payroll.kedebahlite.com/build/icon-fonts/RemixIcons/fonts/remixicon.woff2?t=1708865856766 @ https://v2payroll.kedebahlite.com/payroll/bonus/3/employees:0
[  350850ms] [WARNING] OTS parsing error: invalid sfntVersion: 1008813135 @ https://v2payroll.kedebahlite.com/payroll/bonus/3/employees:0
[  350850ms] [WARNING] Failed to decode downloaded font: https://v2payroll.kedebahlite.com/build/icon-fonts/RemixIcons/fonts/remixicon.woff?t=1708865856766 @ https://v2payroll.kedebahlite.com/payroll/bonus/3/employees:0
[  350850ms] [WARNING] OTS parsing error: invalid sfntVersion: 1008813135 @ https://v2payroll.kedebahlite.com/payroll/bonus/3/employees:0
[  350850ms] [WARNING] Failed to decode downloaded font: https://v2payroll.kedebahlite.com/build/icon-fonts/RemixIcons/fonts/remixicon.ttf?t=1708865856766 @ https://v2payroll.kedebahlite.com/payroll/bonus/3/employees:0
[  350850ms] [WARNING] OTS parsing error: invalid sfntVersion: 1008813135 @ https://v2payroll.kedebahlite.com/payroll/bonus/3/employees:0
[  350850ms] [WARNING] Failed to decode downloaded font: https://v2payroll.kedebahlite.com/build/icon-fonts/bootstrap-icons/icons/font/fonts/bootstrap-icons.woff2?2820a3852bdb9a5832199cc61cec4e65 @ https://v2payroll.kedebahlite.com/payroll/bonus/3/employees:0
[  350850ms] [WARNING] OTS parsing error: invalid sfntVersion: 1008813135 @ https://v2payroll.kedebahlite.com/payroll/bonus/3/employees:0
[  350850ms] [WARNING] Failed to decode downloaded font: https://v2payroll.kedebahlite.com/build/icon-fonts/bootstrap-icons/icons/font/fonts/bootstrap-icons.woff?2820a3852bdb9a5832199cc61cec4e65 @ https://v2payroll.kedebahlite.com/payroll/bonus/3/employees:0
[  350850ms] [WARNING] OTS parsing error: invalid sfntVersion: 1008813135 @ https://v2payroll.kedebahlite.com/payroll/bonus/3/employees:0
[  350890ms] [WARNING] Failed to decode downloaded font: https://v2payroll.kedebahlite.com/build/icon-fonts/RemixIcons/fonts/remixicon.woff2?t=1708865856766 @ https://v2payroll.kedebahlite.com/payroll/bonus/3/employees:0
[  350890ms] [WARNING] OTS parsing error: invalid sfntVersion: 1008813135 @ https://v2payroll.kedebahlite.com/payroll/bonus/3/employees:0
[  350890ms] [WARNING] Failed to decode downloaded font: https://v2payroll.kedebahlite.com/build/icon-fonts/RemixIcons/fonts/remixicon.woff?t=1708865856766 @ https://v2payroll.kedebahlite.com/payroll/bonus/3/employees:0
[  350890ms] [WARNING] OTS parsing error: invalid sfntVersion: 1008813135 @ https://v2payroll.kedebahlite.com/payroll/bonus/3/employees:0
[  350890ms] [WARNING] Failed to decode downloaded font: https://v2payroll.kedebahlite.com/build/icon-fonts/RemixIcons/fonts/remixicon.ttf?t=1708865856766 @ https://v2payroll.kedebahlite.com/payroll/bonus/3/employees:0
[  350890ms] [WARNING] OTS parsing error: invalid sfntVersion: 1008813135 @ https://v2payroll.kedebahlite.com/payroll/bonus/3/employees:0
[  350890ms] [WARNING] Failed to decode downloaded font: https://v2payroll.kedebahlite.com/build/icon-fonts/bootstrap-icons/icons/font/fonts/bootstrap-icons.woff2?2820a3852bdb9a5832199cc61cec4e65 @ https://v2payroll.kedebahlite.com/payroll/bonus/3/employees:0
[  350890ms] [WARNING] OTS parsing error: invalid sfntVersion: 1008813135 @ https://v2payroll.kedebahlite.com/payroll/bonus/3/employees:0
[  350890ms] [WARNING] Failed to decode downloaded font: https://v2payroll.kedebahlite.com/build/icon-fonts/bootstrap-icons/icons/font/fonts/bootstrap-icons.woff?2820a3852bdb9a5832199cc61cec4e65 @ https://v2payroll.kedebahlite.com/payroll/bonus/3/employees:0
[  350890ms] [WARNING] OTS parsing error: invalid sfntVersion: 1008813135 @ https://v2payroll.kedebahlite.com/payroll/bonus/3/employees:0
[  353901ms] [WARNING] The resource https://v2payroll.kedebahlite.com/build/assets/main-swWEpL5L.css was preloaded using link preload but not used within a few seconds from the window's load event. Please make sure it has an appropriate `as` value and it is preloaded intentionally. @ https://v2payroll.kedebahlite.com/payroll/bonus/3/employees:0
[  353901ms] [WARNING] The resource https://v2payroll.kedebahlite.com/build/assets/app-BDow-Spr.css was preloaded using link preload but not used within a few seconds from the window's load event. Please make sure it has an appropriate `as` value and it is preloaded intentionally. @ https://v2payroll.kedebahlite.com/payroll/bonus/3/employees:0
[  396309ms] [WARNING] The resource https://v2payroll.kedebahlite.com/build/assets/main-swWEpL5L.css was preloaded using link preload but not used within a few seconds from the window's load event. Please make sure it has an appropriate `as` value and it is preloaded intentionally. @ https://v2payroll.kedebahlite.com/payroll/bonus/3/employees:0
[  396309ms] [WARNING] The resource https://v2payroll.kedebahlite.com/build/assets/app-BDow-Spr.css was preloaded using link preload but not used within a few seconds from the window's load event. Please make sure it has an appropriate `as` value and it is preloaded intentionally. @ https://v2payroll.kedebahlite.com/payroll/bonus/3/employees:0
[  425297ms] [WARNING] Failed to decode downloaded font: https://v2payroll.kedebahlite.com/build/icon-fonts/RemixIcons/fonts/remixicon.woff2?t=1708865856766 @ https://v2payroll.kedebahlite.com/payroll/bonus/3/employees:0
[  425297ms] [WARNING] OTS parsing error: invalid sfntVersion: 1008813135 @ https://v2payroll.kedebahlite.com/payroll/bonus/3/employees:0
[  425297ms] [WARNING] Failed to decode downloaded font: https://v2payroll.kedebahlite.com/build/icon-fonts/RemixIcons/fonts/remixicon.woff?t=1708865856766 @ https://v2payroll.kedebahlite.com/payroll/bonus/3/employees:0
[  425297ms] [WARNING] OTS parsing error: invalid sfntVersion: 1008813135 @ https://v2payroll.kedebahlite.com/payroll/bonus/3/employees:0
[  425297ms] [WARNING] Failed to decode downloaded font: https://v2payroll.kedebahlite.com/build/icon-fonts/RemixIcons/fonts/remixicon.ttf?t=1708865856766 @ https://v2payroll.kedebahlite.com/payroll/bonus/3/employees:0
[  425297ms] [WARNING] OTS parsing error: invalid sfntVersion: 1008813135 @ https://v2payroll.kedebahlite.com/payroll/bonus/3/employees:0
[  425297ms] [WARNING] Failed to decode downloaded font: https://v2payroll.kedebahlite.com/build/icon-fonts/bootstrap-icons/icons/font/fonts/bootstrap-icons.woff2?2820a3852bdb9a5832199cc61cec4e65 @ https://v2payroll.kedebahlite.com/payroll/bonus/3/employees:0
[  425297ms] [WARNING] OTS parsing error: invalid sfntVersion: 1008813135 @ https://v2payroll.kedebahlite.com/payroll/bonus/3/employees:0
[  425297ms] [WARNING] Failed to decode downloaded font: https://v2payroll.kedebahlite.com/build/icon-fonts/bootstrap-icons/icons/font/fonts/bootstrap-icons.woff?2820a3852bdb9a5832199cc61cec4e65 @ https://v2payroll.kedebahlite.com/payroll/bonus/3/employees:0
[  425297ms] [WARNING] OTS parsing error: invalid sfntVersion: 1008813135 @ https://v2payroll.kedebahlite.com/payroll/bonus/3/employees:0
[  425337ms] [WARNING] Failed to decode downloaded font: https://v2payroll.kedebahlite.com/build/icon-fonts/RemixIcons/fonts/remixicon.woff2?t=1708865856766 @ https://v2payroll.kedebahlite.com/payroll/bonus/3/employees:0
[  425337ms] [WARNING] OTS parsing error: invalid sfntVersion: 1008813135 @ https://v2payroll.kedebahlite.com/payroll/bonus/3/employees:0
[  425337ms] [WARNING] Failed to decode downloaded font: https://v2payroll.kedebahlite.com/build/icon-fonts/RemixIcons/fonts/remixicon.woff?t=1708865856766 @ https://v2payroll.kedebahlite.com/payroll/bonus/3/employees:0
[  425337ms] [WARNING] OTS parsing error: invalid sfntVersion: 1008813135 @ https://v2payroll.kedebahlite.com/payroll/bonus/3/employees:0
[  425337ms] [WARNING] Failed to decode downloaded font: https://v2payroll.kedebahlite.com/build/icon-fonts/RemixIcons/fonts/remixicon.ttf?t=1708865856766 @ https://v2payroll.kedebahlite.com/payroll/bonus/3/employees:0
[  425337ms] [WARNING] OTS parsing error: invalid sfntVersion: 1008813135 @ https://v2payroll.kedebahlite.com/payroll/bonus/3/employees:0
[  425337ms] [WARNING] Failed to decode downloaded font: https://v2payroll.kedebahlite.com/build/icon-fonts/bootstrap-icons/icons/font/fonts/bootstrap-icons.woff2?2820a3852bdb9a5832199cc61cec4e65 @ https://v2payroll.kedebahlite.com/payroll/bonus/3/employees:0
[  425337ms] [WARNING] OTS parsing error: invalid sfntVersion: 1008813135 @ https://v2payroll.kedebahlite.com/payroll/bonus/3/employees:0
[  425337ms] [WARNING] Failed to decode downloaded font: https://v2payroll.kedebahlite.com/build/icon-fonts/bootstrap-icons/icons/font/fonts/bootstrap-icons.woff?2820a3852bdb9a5832199cc61cec4e65 @ https://v2payroll.kedebahlite.com/payroll/bonus/3/employees:0
[  425337ms] [WARNING] OTS parsing error: invalid sfntVersion: 1008813135 @ https://v2payroll.kedebahlite.com/payroll/bonus/3/employees:0
[  545106ms] [WARNING] The resource https://v2payroll.kedebahlite.com/build/assets/main-swWEpL5L.css was preloaded using link preload but not used within a few seconds from the window's load event. Please make sure it has an appropriate `as` value and it is preloaded intentionally. @ https://v2payroll.kedebahlite.com/payroll/bonus/3/employees:0
[  545106ms] [WARNING] The resource https://v2payroll.kedebahlite.com/build/assets/app-BDow-Spr.css was preloaded using link preload but not used within a few seconds from the window's load event. Please make sure it has an appropriate `as` value and it is preloaded intentionally. @ https://v2payroll.kedebahlite.com/payroll/bonus/3/employees:0
[  550754ms] [WARNING] Failed to decode downloaded font: https://v2payroll.kedebahlite.com/build/icon-fonts/RemixIcons/fonts/remixicon.woff2?t=1708865856766 @ https://v2payroll.kedebahlite.com/payroll/bonus/3/employees:0
[  550754ms] [WARNING] OTS parsing error: invalid sfntVersion: 1008813135 @ https://v2payroll.kedebahlite.com/payroll/bonus/3/employees:0
[  550754ms] [WARNING] Failed to decode downloaded font: https://v2payroll.kedebahlite.com/build/icon-fonts/RemixIcons/fonts/remixicon.woff?t=1708865856766 @ https://v2payroll.kedebahlite.com/payroll/bonus/3/employees:0
[  550754ms] [WARNING] OTS parsing error: invalid sfntVersion: 1008813135 @ https://v2payroll.kedebahlite.com/payroll/bonus/3/employees:0
[  550754ms] [WARNING] Failed to decode downloaded font: https://v2payroll.kedebahlite.com/build/icon-fonts/RemixIcons/fonts/remixicon.ttf?t=1708865856766 @ https://v2payroll.kedebahlite.com/payroll/bonus/3/employees:0
[  550754ms] [WARNING] OTS parsing error: invalid sfntVersion: 1008813135 @ https://v2payroll.kedebahlite.com/payroll/bonus/3/employees:0
[  550754ms] [WARNING] Failed to decode downloaded font: https://v2payroll.kedebahlite.com/build/icon-fonts/bootstrap-icons/icons/font/fonts/bootstrap-icons.woff2?2820a3852bdb9a5832199cc61cec4e65 @ https://v2payroll.kedebahlite.com/payroll/bonus/3/employees:0
[  550754ms] [WARNING] OTS parsing error: invalid sfntVersion: 1008813135 @ https://v2payroll.kedebahlite.com/payroll/bonus/3/employees:0
[  550754ms] [WARNING] Failed to decode downloaded font: https://v2payroll.kedebahlite.com/build/icon-fonts/bootstrap-icons/icons/font/fonts/bootstrap-icons.woff?2820a3852bdb9a5832199cc61cec4e65 @ https://v2payroll.kedebahlite.com/payroll/bonus/3/employees:0
[  550754ms] [WARNING] OTS parsing error: invalid sfntVersion: 1008813135 @ https://v2payroll.kedebahlite.com/payroll/bonus/3/employees:0
[  550792ms] [WARNING] Failed to decode downloaded font: https://v2payroll.kedebahlite.com/build/icon-fonts/RemixIcons/fonts/remixicon.woff2?t=1708865856766 @ https://v2payroll.kedebahlite.com/payroll/bonus/3/employees:0
[  550792ms] [WARNING] OTS parsing error: invalid sfntVersion: 1008813135 @ https://v2payroll.kedebahlite.com/payroll/bonus/3/employees:0
[  550792ms] [WARNING] Failed to decode downloaded font: https://v2payroll.kedebahlite.com/build/icon-fonts/RemixIcons/fonts/remixicon.woff?t=1708865856766 @ https://v2payroll.kedebahlite.com/payroll/bonus/3/employees:0
[  550792ms] [WARNING] OTS parsing error: invalid sfntVersion: 1008813135 @ https://v2payroll.kedebahlite.com/payroll/bonus/3/employees:0
[  550792ms] [WARNING] Failed to decode downloaded font: https://v2payroll.kedebahlite.com/build/icon-fonts/RemixIcons/fonts/remixicon.ttf?t=1708865856766 @ https://v2payroll.kedebahlite.com/payroll/bonus/3/employees:0
[  550792ms] [WARNING] OTS parsing error: invalid sfntVersion: 1008813135 @ https://v2payroll.kedebahlite.com/payroll/bonus/3/employees:0
[  550792ms] [WARNING] Failed to decode downloaded font: https://v2payroll.kedebahlite.com/build/icon-fonts/bootstrap-icons/icons/font/fonts/bootstrap-icons.woff2?2820a3852bdb9a5832199cc61cec4e65 @ https://v2payroll.kedebahlite.com/payroll/bonus/3/employees:0
[  550792ms] [WARNING] OTS parsing error: invalid sfntVersion: 1008813135 @ https://v2payroll.kedebahlite.com/payroll/bonus/3/employees:0
[  550792ms] [WARNING] Failed to decode downloaded font: https://v2payroll.kedebahlite.com/build/icon-fonts/bootstrap-icons/icons/font/fonts/bootstrap-icons.woff?2820a3852bdb9a5832199cc61cec4e65 @ https://v2payroll.kedebahlite.com/payroll/bonus/3/employees:0
[  550792ms] [WARNING] OTS parsing error: invalid sfntVersion: 1008813135 @ https://v2payroll.kedebahlite.com/payroll/bonus/3/employees:0
[  591851ms] [WARNING] The resource https://v2payroll.kedebahlite.com/build/assets/main-swWEpL5L.css was preloaded using link preload but not used within a few seconds from the window's load event. Please make sure it has an appropriate `as` value and it is preloaded intentionally. @ https://v2payroll.kedebahlite.com/payroll/bonus/3/employees:0
[  591851ms] [WARNING] The resource https://v2payroll.kedebahlite.com/build/assets/app-BDow-Spr.css was preloaded using link preload but not used within a few seconds from the window's load event. Please make sure it has an appropriate `as` value and it is preloaded intentionally. @ https://v2payroll.kedebahlite.com/payroll/bonus/3/employees:0
[  612375ms] [WARNING] The resource https://v2payroll.kedebahlite.com/build/assets/main-swWEpL5L.css was preloaded using link preload but not used within a few seconds from the window's load event. Please make sure it has an appropriate `as` value and it is preloaded intentionally. @ https://v2payroll.kedebahlite.com/payroll/bonus/3/employees:0
[  612375ms] [WARNING] The resource https://v2payroll.kedebahlite.com/build/assets/app-BDow-Spr.css was preloaded using link preload but not used within a few seconds from the window's load event. Please make sure it has an appropriate `as` value and it is preloaded intentionally. @ https://v2payroll.kedebahlite.com/payroll/bonus/3/employees:0
[  643145ms] [WARNING] The resource https://v2payroll.kedebahlite.com/build/assets/main-swWEpL5L.css was preloaded using link preload but not used within a few seconds from the window's load event. Please make sure it has an appropriate `as` value and it is preloaded intentionally. @ https://v2payroll.kedebahlite.com/payroll/bonus/3/employees:0
[  643146ms] [WARNING] The resource https://v2payroll.kedebahlite.com/build/assets/app-BDow-Spr.css was preloaded using link preload but not used within a few seconds from the window's load event. Please make sure it has an appropriate `as` value and it is preloaded intentionally. @ https://v2payroll.kedebahlite.com/payroll/bonus/3/employees:0
[  672701ms] [WARNING] Failed to decode downloaded font: https://v2payroll.kedebahlite.com/build/icon-fonts/RemixIcons/fonts/remixicon.woff2?t=1708865856766 @ https://v2payroll.kedebahlite.com/payroll/bonus/3/employees:0
[  672701ms] [WARNING] OTS parsing error: invalid sfntVersion: 1008813135 @ https://v2payroll.kedebahlite.com/payroll/bonus/3/employees:0
[  672701ms] [WARNING] Failed to decode downloaded font: https://v2payroll.kedebahlite.com/build/icon-fonts/RemixIcons/fonts/remixicon.woff?t=1708865856766 @ https://v2payroll.kedebahlite.com/payroll/bonus/3/employees:0
[  672701ms] [WARNING] OTS parsing error: invalid sfntVersion: 1008813135 @ https://v2payroll.kedebahlite.com/payroll/bonus/3/employees:0
[  672701ms] [WARNING] Failed to decode downloaded font: https://v2payroll.kedebahlite.com/build/icon-fonts/RemixIcons/fonts/remixicon.ttf?t=1708865856766 @ https://v2payroll.kedebahlite.com/payroll/bonus/3/employees:0
[  672701ms] [WARNING] OTS parsing error: invalid sfntVersion: 1008813135 @ https://v2payroll.kedebahlite.com/payroll/bonus/3/employees:0
[  672701ms] [WARNING] Failed to decode downloaded font: https://v2payroll.kedebahlite.com/build/icon-fonts/bootstrap-icons/icons/font/fonts/bootstrap-icons.woff2?2820a3852bdb9a5832199cc61cec4e65 @ https://v2payroll.kedebahlite.com/payroll/bonus/3/employees:0
[  672701ms] [WARNING] OTS parsing error: invalid sfntVersion: 1008813135 @ https://v2payroll.kedebahlite.com/payroll/bonus/3/employees:0
[  672701ms] [WARNING] Failed to decode downloaded font: https://v2payroll.kedebahlite.com/build/icon-fonts/bootstrap-icons/icons/font/fonts/bootstrap-icons.woff?2820a3852bdb9a5832199cc61cec4e65 @ https://v2payroll.kedebahlite.com/payroll/bonus/3/employees:0
[  672701ms] [WARNING] OTS parsing error: invalid sfntVersion: 1008813135 @ https://v2payroll.kedebahlite.com/payroll/bonus/3/employees:0
[  672732ms] [WARNING] Failed to decode downloaded font: https://v2payroll.kedebahlite.com/build/icon-fonts/RemixIcons/fonts/remixicon.woff2?t=1708865856766 @ https://v2payroll.kedebahlite.com/payroll/bonus/3/employees:0
[  672732ms] [WARNING] OTS parsing error: invalid sfntVersion: 1008813135 @ https://v2payroll.kedebahlite.com/payroll/bonus/3/employees:0
[  672732ms] [WARNING] Failed to decode downloaded font: https://v2payroll.kedebahlite.com/build/icon-fonts/RemixIcons/fonts/remixicon.woff?t=1708865856766 @ https://v2payroll.kedebahlite.com/payroll/bonus/3/employees:0
[  672732ms] [WARNING] OTS parsing error: invalid sfntVersion: 1008813135 @ https://v2payroll.kedebahlite.com/payroll/bonus/3/employees:0
[  672732ms] [WARNING] Failed to decode downloaded font: https://v2payroll.kedebahlite.com/build/icon-fonts/RemixIcons/fonts/remixicon.ttf?t=1708865856766 @ https://v2payroll.kedebahlite.com/payroll/bonus/3/employees:0
[  672732ms] [WARNING] OTS parsing error: invalid sfntVersion: 1008813135 @ https://v2payroll.kedebahlite.com/payroll/bonus/3/employees:0
[  672732ms] [WARNING] Failed to decode downloaded font: https://v2payroll.kedebahlite.com/build/icon-fonts/bootstrap-icons/icons/font/fonts/bootstrap-icons.woff2?2820a3852bdb9a5832199cc61cec4e65 @ https://v2payroll.kedebahlite.com/payroll/bonus/3/employees:0
[  672732ms] [WARNING] OTS parsing error: invalid sfntVersion: 1008813135 @ https://v2payroll.kedebahlite.com/payroll/bonus/3/employees:0
[  672732ms] [WARNING] Failed to decode downloaded font: https://v2payroll.kedebahlite.com/build/icon-fonts/bootstrap-icons/icons/font/fonts/bootstrap-icons.woff?2820a3852bdb9a5832199cc61cec4e65 @ https://v2payroll.kedebahlite.com/payroll/bonus/3/employees:0
[  672733ms] [WARNING] OTS parsing error: invalid sfntVersion: 1008813135 @ https://v2payroll.kedebahlite.com/payroll/bonus/3/employees:0
[  690576ms] [WARNING] The resource https://v2payroll.kedebahlite.com/build/assets/main-swWEpL5L.css was preloaded using link preload but not used within a few seconds from the window's load event. Please make sure it has an appropriate `as` value and it is preloaded intentionally. @ https://v2payroll.kedebahlite.com/payroll/bonus/3/employees:0
[  690576ms] [WARNING] The resource https://v2payroll.kedebahlite.com/build/assets/app-BDow-Spr.css was preloaded using link preload but not used within a few seconds from the window's load event. Please make sure it has an appropriate `as` value and it is preloaded intentionally. @ https://v2payroll.kedebahlite.com/payroll/bonus/3/employees:0
[  777772ms] [WARNING] Failed to decode downloaded font: https://v2payroll.kedebahlite.com/build/icon-fonts/RemixIcons/fonts/remixicon.woff2?t=1708865856766 @ https://v2payroll.kedebahlite.com/payroll/bonus/3/employees:0
[  777772ms] [WARNING] OTS parsing error: invalid sfntVersion: 1008813135 @ https://v2payroll.kedebahlite.com/payroll/bonus/3/employees:0
[  777772ms] [WARNING] Failed to decode downloaded font: https://v2payroll.kedebahlite.com/build/icon-fonts/RemixIcons/fonts/remixicon.woff?t=1708865856766 @ https://v2payroll.kedebahlite.com/payroll/bonus/3/employees:0
[  777772ms] [WARNING] OTS parsing error: invalid sfntVersion: 1008813135 @ https://v2payroll.kedebahlite.com/payroll/bonus/3/employees:0
[  777772ms] [WARNING] Failed to decode downloaded font: https://v2payroll.kedebahlite.com/build/icon-fonts/RemixIcons/fonts/remixicon.ttf?t=1708865856766 @ https://v2payroll.kedebahlite.com/payroll/bonus/3/employees:0
[  777772ms] [WARNING] OTS parsing error: invalid sfntVersion: 1008813135 @ https://v2payroll.kedebahlite.com/payroll/bonus/3/employees:0
[  777772ms] [WARNING] Failed to decode downloaded font: https://v2payroll.kedebahlite.com/build/icon-fonts/bootstrap-icons/icons/font/fonts/bootstrap-icons.woff2?2820a3852bdb9a5832199cc61cec4e65 @ https://v2payroll.kedebahlite.com/payroll/bonus/3/employees:0
[  777772ms] [WARNING] OTS parsing error: invalid sfntVersion: 1008813135 @ https://v2payroll.kedebahlite.com/payroll/bonus/3/employees:0
[  777772ms] [WARNING] Failed to decode downloaded font: https://v2payroll.kedebahlite.com/build/icon-fonts/bootstrap-icons/icons/font/fonts/bootstrap-icons.woff?2820a3852bdb9a5832199cc61cec4e65 @ https://v2payroll.kedebahlite.com/payroll/bonus/3/employees:0
[  777772ms] [WARNING] OTS parsing error: invalid sfntVersion: 1008813135 @ https://v2payroll.kedebahlite.com/payroll/bonus/3/employees:0
[  777805ms] [WARNING] Failed to decode downloaded font: https://v2payroll.kedebahlite.com/build/icon-fonts/RemixIcons/fonts/remixicon.woff2?t=1708865856766 @ https://v2payroll.kedebahlite.com/payroll/bonus/3/employees:0
[  777805ms] [WARNING] OTS parsing error: invalid sfntVersion: 1008813135 @ https://v2payroll.kedebahlite.com/payroll/bonus/3/employees:0
[  777805ms] [WARNING] Failed to decode downloaded font: https://v2payroll.kedebahlite.com/build/icon-fonts/RemixIcons/fonts/remixicon.woff?t=1708865856766 @ https://v2payroll.kedebahlite.com/payroll/bonus/3/employees:0
[  777805ms] [WARNING] OTS parsing error: invalid sfntVersion: 1008813135 @ https://v2payroll.kedebahlite.com/payroll/bonus/3/employees:0
[  777805ms] [WARNING] Failed to decode downloaded font: https://v2payroll.kedebahlite.com/build/icon-fonts/RemixIcons/fonts/remixicon.ttf?t=1708865856766 @ https://v2payroll.kedebahlite.com/payroll/bonus/3/employees:0
[  777805ms] [WARNING] OTS parsing error: invalid sfntVersion: 1008813135 @ https://v2payroll.kedebahlite.com/payroll/bonus/3/employees:0
[  777805ms] [WARNING] Failed to decode downloaded font: https://v2payroll.kedebahlite.com/build/icon-fonts/bootstrap-icons/icons/font/fonts/bootstrap-icons.woff2?2820a3852bdb9a5832199cc61cec4e65 @ https://v2payroll.kedebahlite.com/payroll/bonus/3/employees:0
[  777805ms] [WARNING] OTS parsing error: invalid sfntVersion: 1008813135 @ https://v2payroll.kedebahlite.com/payroll/bonus/3/employees:0
[  777805ms] [WARNING] Failed to decode downloaded font: https://v2payroll.kedebahlite.com/build/icon-fonts/bootstrap-icons/icons/font/fonts/bootstrap-icons.woff?2820a3852bdb9a5832199cc61cec4e65 @ https://v2payroll.kedebahlite.com/payroll/bonus/3/employees:0
[  777805ms] [WARNING] OTS parsing error: invalid sfntVersion: 1008813135 @ https://v2payroll.kedebahlite.com/payroll/bonus/3/employees:0
[  780851ms] [WARNING] The resource https://v2payroll.kedebahlite.com/build/assets/main-swWEpL5L.css was preloaded using link preload but not used within a few seconds from the window's load event. Please make sure it has an appropriate `as` value and it is preloaded intentionally. @ https://v2payroll.kedebahlite.com/payroll/bonus/3/employees:0
[  780851ms] [WARNING] The resource https://v2payroll.kedebahlite.com/build/assets/app-BDow-Spr.css was preloaded using link preload but not used within a few seconds from the window's load event. Please make sure it has an appropriate `as` value and it is preloaded intentionally. @ https://v2payroll.kedebahlite.com/payroll/bonus/3/employees:0
[  914707ms] [WARNING] The resource https://v2payroll.kedebahlite.com/build/assets/main-swWEpL5L.css was preloaded using link preload but not used within a few seconds from the window's load event. Please make sure it has an appropriate `as` value and it is preloaded intentionally. @ https://v2payroll.kedebahlite.com/payroll/bonus/3/employees:0
[  914707ms] [WARNING] The resource https://v2payroll.kedebahlite.com/build/assets/app-BDow-Spr.css was preloaded using link preload but not used within a few seconds from the window's load event. Please make sure it has an appropriate `as` value and it is preloaded intentionally. @ https://v2payroll.kedebahlite.com/payroll/bonus/3/employees:0
[ 1012867ms] [WARNING] The resource https://v2payroll.kedebahlite.com/build/assets/main-swWEpL5L.css was preloaded using link preload but not used within a few seconds from the window's load event. Please make sure it has an appropriate `as` value and it is preloaded intentionally. @ https://v2payroll.kedebahlite.com/payroll/draft/3/bonus:0
[ 1012868ms] [WARNING] The resource https://v2payroll.kedebahlite.com/build/assets/app-BDow-Spr.css was preloaded using link preload but not used within a few seconds from the window's load event. Please make sure it has an appropriate `as` value and it is preloaded intentionally. @ https://v2payroll.kedebahlite.com/payroll/draft/3/bonus:0
[ 1015956ms] [WARNING] The resource https://v2payroll.kedebahlite.com/build/assets/main-swWEpL5L.css was preloaded using link preload but not used within a few seconds from the window's load event. Please make sure it has an appropriate `as` value and it is preloaded intentionally. @ https://v2payroll.kedebahlite.com/payroll/draft/3/bonus:0
[ 1015957ms] [WARNING] The resource https://v2payroll.kedebahlite.com/build/assets/app-BDow-Spr.css was preloaded using link preload but not used within a few seconds from the window's load event. Please make sure it has an appropriate `as` value and it is preloaded intentionally. @ https://v2payroll.kedebahlite.com/payroll/draft/3/bonus:0
[ 1028127ms] [WARNING] The resource https://v2payroll.kedebahlite.com/build/assets/main-swWEpL5L.css was preloaded using link preload but not used within a few seconds from the window's load event. Please make sure it has an appropriate `as` value and it is preloaded intentionally. @ https://v2payroll.kedebahlite.com/payroll/draft/3/bonus:0
[ 1028127ms] [WARNING] The resource https://v2payroll.kedebahlite.com/build/assets/app-BDow-Spr.css was preloaded using link preload but not used within a few seconds from the window's load event. Please make sure it has an appropriate `as` value and it is preloaded intentionally. @ https://v2payroll.kedebahlite.com/payroll/draft/3/bonus:0
[ 1051375ms] [WARNING] The resource https://v2payroll.kedebahlite.com/build/assets/main-swWEpL5L.css was preloaded using link preload but not used within a few seconds from the window's load event. Please make sure it has an appropriate `as` value and it is preloaded intentionally. @ https://v2payroll.kedebahlite.com/payroll/draft/3/bonus:0
[ 1051376ms] [WARNING] The resource https://v2payroll.kedebahlite.com/build/assets/app-BDow-Spr.css was preloaded using link preload but not used within a few seconds from the window's load event. Please make sure it has an appropriate `as` value and it is preloaded intentionally. @ https://v2payroll.kedebahlite.com/payroll/draft/3/bonus:0
[ 1105351ms] [WARNING] The resource https://v2payroll.kedebahlite.com/build/assets/main-swWEpL5L.css was preloaded using link preload but not used within a few seconds from the window's load event. Please make sure it has an appropriate `as` value and it is preloaded intentionally. @ https://v2payroll.kedebahlite.com/payroll/draft/3/bonus:0
[ 1105351ms] [WARNING] The resource https://v2payroll.kedebahlite.com/build/assets/app-BDow-Spr.css was preloaded using link preload but not used within a few seconds from the window's load event. Please make sure it has an appropriate `as` value and it is preloaded intentionally. @ https://v2payroll.kedebahlite.com/payroll/draft/3/bonus:0
[ 1108377ms] [WARNING] The resource https://v2payroll.kedebahlite.com/build/assets/main-swWEpL5L.css was preloaded using link preload but not used within a few seconds from the window's load event. Please make sure it has an appropriate `as` value and it is preloaded intentionally. @ https://v2payroll.kedebahlite.com/payroll/draft/3/bonus:0
[ 1108377ms] [WARNING] The resource https://v2payroll.kedebahlite.com/build/assets/app-BDow-Spr.css was preloaded using link preload but not used within a few seconds from the window's load event. Please make sure it has an appropriate `as` value and it is preloaded intentionally. @ https://v2payroll.kedebahlite.com/payroll/draft/3/bonus:0
[ 1118815ms] [WARNING] The resource https://v2payroll.kedebahlite.com/build/assets/main-swWEpL5L.css was preloaded using link preload but not used within a few seconds from the window's load event. Please make sure it has an appropriate `as` value and it is preloaded intentionally. @ https://v2payroll.kedebahlite.com/payroll/draft/3/bonus:0
[ 1118816ms] [WARNING] The resource https://v2payroll.kedebahlite.com/build/assets/app-BDow-Spr.css was preloaded using link preload but not used within a few seconds from the window's load event. Please make sure it has an appropriate `as` value and it is preloaded intentionally. @ https://v2payroll.kedebahlite.com/payroll/draft/3/bonus:0
[ 1119034ms] [WARNING] Failed to decode downloaded font: https://v2payroll.kedebahlite.com/build/icon-fonts/RemixIcons/fonts/remixicon.woff2?t=1708865856766 @ https://v2payroll.kedebahlite.com/payroll/draft/3/bonus:0
[ 1119034ms] [WARNING] OTS parsing error: invalid sfntVersion: 1008813135 @ https://v2payroll.kedebahlite.com/payroll/draft/3/bonus:0
[ 1119034ms] [WARNING] Failed to decode downloaded font: https://v2payroll.kedebahlite.com/build/icon-fonts/RemixIcons/fonts/remixicon.woff?t=1708865856766 @ https://v2payroll.kedebahlite.com/payroll/draft/3/bonus:0
[ 1119034ms] [WARNING] OTS parsing error: invalid sfntVersion: 1008813135 @ https://v2payroll.kedebahlite.com/payroll/draft/3/bonus:0
[ 1119034ms] [WARNING] Failed to decode downloaded font: https://v2payroll.kedebahlite.com/build/icon-fonts/RemixIcons/fonts/remixicon.ttf?t=1708865856766 @ https://v2payroll.kedebahlite.com/payroll/draft/3/bonus:0
[ 1119034ms] [WARNING] OTS parsing error: invalid sfntVersion: 1008813135 @ https://v2payroll.kedebahlite.com/payroll/draft/3/bonus:0
[ 1119034ms] [WARNING] Failed to decode downloaded font: https://v2payroll.kedebahlite.com/build/icon-fonts/bootstrap-icons/icons/font/fonts/bootstrap-icons.woff2?2820a3852bdb9a5832199cc61cec4e65 @ https://v2payroll.kedebahlite.com/payroll/draft/3/bonus:0
[ 1119034ms] [WARNING] OTS parsing error: invalid sfntVersion: 1008813135 @ https://v2payroll.kedebahlite.com/payroll/draft/3/bonus:0
[ 1119034ms] [WARNING] Failed to decode downloaded font: https://v2payroll.kedebahlite.com/build/icon-fonts/bootstrap-icons/icons/font/fonts/bootstrap-icons.woff?2820a3852bdb9a5832199cc61cec4e65 @ https://v2payroll.kedebahlite.com/payroll/draft/3/bonus:0
[ 1119034ms] [WARNING] OTS parsing error: invalid sfntVersion: 1008813135 @ https://v2payroll.kedebahlite.com/payroll/draft/3/bonus:0
[ 1119098ms] [WARNING] Failed to decode downloaded font: https://v2payroll.kedebahlite.com/build/icon-fonts/RemixIcons/fonts/remixicon.woff2?t=1708865856766 @ https://v2payroll.kedebahlite.com/payroll/draft/3/bonus:0
[ 1119098ms] [WARNING] OTS parsing error: invalid sfntVersion: 1008813135 @ https://v2payroll.kedebahlite.com/payroll/draft/3/bonus:0
[ 1119098ms] [WARNING] Failed to decode downloaded font: https://v2payroll.kedebahlite.com/build/icon-fonts/RemixIcons/fonts/remixicon.woff?t=1708865856766 @ https://v2payroll.kedebahlite.com/payroll/draft/3/bonus:0
[ 1119098ms] [WARNING] OTS parsing error: invalid sfntVersion: 1008813135 @ https://v2payroll.kedebahlite.com/payroll/draft/3/bonus:0
[ 1119098ms] [WARNING] Failed to decode downloaded font: https://v2payroll.kedebahlite.com/build/icon-fonts/RemixIcons/fonts/remixicon.ttf?t=1708865856766 @ https://v2payroll.kedebahlite.com/payroll/draft/3/bonus:0
[ 1119098ms] [WARNING] OTS parsing error: invalid sfntVersion: 1008813135 @ https://v2payroll.kedebahlite.com/payroll/draft/3/bonus:0
[ 1119098ms] [WARNING] Failed to decode downloaded font: https://v2payroll.kedebahlite.com/build/icon-fonts/bootstrap-icons/icons/font/fonts/bootstrap-icons.woff2?2820a3852bdb9a5832199cc61cec4e65 @ https://v2payroll.kedebahlite.com/payroll/draft/3/bonus:0
[ 1119098ms] [WARNING] OTS parsing error: invalid sfntVersion: 1008813135 @ https://v2payroll.kedebahlite.com/payroll/draft/3/bonus:0
[ 1119098ms] [WARNING] Failed to decode downloaded font: https://v2payroll.kedebahlite.com/build/icon-fonts/bootstrap-icons/icons/font/fonts/bootstrap-icons.woff?2820a3852bdb9a5832199cc61cec4e65 @ https://v2payroll.kedebahlite.com/payroll/draft/3/bonus:0
[ 1119098ms] [WARNING] OTS parsing error: invalid sfntVersion: 1008813135 @ https://v2payroll.kedebahlite.com/payroll/draft/3/bonus:0
