[   11184ms] [VERBOSE] [DOM] Input elements should have autocomplete attributes (suggested: "username"): (More info: https://goo.gl/9p2vKq) %o @ https://sbxkedebah-v2.npontu.com/clients/sign-in:0
[   25811ms] [WARNING] WebSocket connection to 'wss://sbx-notify.kedebahlite.com:4444/app/wwypulxmt0gisyx9bav4?protocol=7&client=js&version=8.4.0&flash=false' failed: WebSocket is closed before the connection is established. @ https://sbxkedebah-v2.npontu.com/build/assets/app-BQac9LSS.js:7
[   55812ms] [WARNING] WebSocket connection to 'wss://sbx-notify.kedebahlite.com:4444/app/wwypulxmt0gisyx9bav4?protocol=7&client=js&version=8.4.0&flash=false' failed: WebSocket is closed before the connection is established. @ https://sbxkedebah-v2.npontu.com/build/assets/app-BQac9LSS.js:7
[  115809ms] [WARNING] WebSocket connection to 'wss://sbx-notify.kedebahlite.com:4444/app/wwypulxmt0gisyx9bav4?protocol=7&client=js&version=8.4.0&flash=false' failed: WebSocket is closed before the connection is established. @ https://sbxkedebah-v2.npontu.com/build/assets/app-BQac9LSS.js:7
[  175808ms] [WARNING] WebSocket connection to 'wss://sbx-notify.kedebahlite.com:4444/app/wwypulxmt0gisyx9bav4?protocol=7&client=js&version=8.4.0&flash=false' failed: WebSocket is closed before the connection is established. @ https://sbxkedebah-v2.npontu.com/build/assets/app-BQac9LSS.js:7
[  235808ms] [WARNING] WebSocket connection to 'wss://sbx-notify.kedebahlite.com:4444/app/wwypulxmt0gisyx9bav4?protocol=7&client=js&version=8.4.0&flash=false' failed: WebSocket is closed before the connection is established. @ https://sbxkedebah-v2.npontu.com/build/assets/app-BQac9LSS.js:7
[  295808ms] [WARNING] WebSocket connection to 'wss://sbx-notify.kedebahlite.com:4444/app/wwypulxmt0gisyx9bav4?protocol=7&client=js&version=8.4.0&flash=false' failed: WebSocket is closed before the connection is established. @ https://sbxkedebah-v2.npontu.com/build/assets/app-BQac9LSS.js:7
[  319613ms] [ERROR] WebSocket connection to 'wss://sbx-notify.kedebahlite.com:4444/app/wwypulxmt0gisyx9bav4?protocol=7&client=js&version=8.4.0&flash=false' failed: Error in connection establishment: net::ERR_NETWORK_IO_SUSPENDED @ https://sbxkedebah-v2.npontu.com/build/assets/app-BQac9LSS.js:8
[  949379ms] [WARNING] WebSocket connection to 'wss://sbx-notify.kedebahlite.com:4444/app/wwypulxmt0gisyx9bav4?protocol=7&client=js&version=8.4.0&flash=false' failed: WebSocket is closed before the connection is established. @ https://sbxkedebah-v2.npontu.com/build/assets/app-BQac9LSS.js:7
[ 1009380ms] [WARNING] WebSocket connection to 'wss://sbx-notify.kedebahlite.com:4444/app/wwypulxmt0gisyx9bav4?protocol=7&client=js&version=8.4.0&flash=false' failed: WebSocket is closed before the connection is established. @ https://sbxkedebah-v2.npontu.com/build/assets/app-BQac9LSS.js:7
[ 1069380ms] [WARNING] WebSocket connection to 'wss://sbx-notify.kedebahlite.com:4444/app/wwypulxmt0gisyx9bav4?protocol=7&client=js&version=8.4.0&flash=false' failed: WebSocket is closed before the connection is established. @ https://sbxkedebah-v2.npontu.com/build/assets/app-BQac9LSS.js:7
[ 1129380ms] [WARNING] WebSocket connection to 'wss://sbx-notify.kedebahlite.com:4444/app/wwypulxmt0gisyx9bav4?protocol=7&client=js&version=8.4.0&flash=false' failed: WebSocket is closed before the connection is established. @ https://sbxkedebah-v2.npontu.com/build/assets/app-BQac9LSS.js:7
[ 1189379ms] [WARNING] WebSocket connection to 'wss://sbx-notify.kedebahlite.com:4444/app/wwypulxmt0gisyx9bav4?protocol=7&client=js&version=8.4.0&flash=false' failed: WebSocket is closed before the connection is established. @ https://sbxkedebah-v2.npontu.com/build/assets/app-BQac9LSS.js:7
[ 1249378ms] [WARNING] WebSocket connection to 'wss://sbx-notify.kedebahlite.com:4444/app/wwypulxmt0gisyx9bav4?protocol=7&client=js&version=8.4.0&flash=false' failed: WebSocket is closed before the connection is established. @ https://sbxkedebah-v2.npontu.com/build/assets/app-BQac9LSS.js:7
[ 1309377ms] [WARNING] WebSocket connection to 'wss://sbx-notify.kedebahlite.com:4444/app/wwypulxmt0gisyx9bav4?protocol=7&client=js&version=8.4.0&flash=false' failed: WebSocket is closed before the connection is established. @ https://sbxkedebah-v2.npontu.com/build/assets/app-BQac9LSS.js:7
[ 1339117ms] [ERROR] WebSocket connection to 'wss://sbx-notify.kedebahlite.com:4444/app/wwypulxmt0gisyx9bav4?protocol=7&client=js&version=8.4.0&flash=false' failed: Error in connection establishment: net::ERR_NETWORK_IO_SUSPENDED @ https://sbxkedebah-v2.npontu.com/build/assets/app-BQac9LSS.js:8
[ 5412114ms] [ERROR] WebSocket connection to 'wss://sbx-notify.kedebahlite.com:4444/app/wwypulxmt0gisyx9bav4?protocol=7&client=js&version=8.4.0&flash=false' failed: Error in connection establishment: net::ERR_CONNECTION_TIMED_OUT @ https://sbxkedebah-v2.npontu.com/build/assets/app-BQac9LSS.js:8
[ 6766523ms] [WARNING] WebSocket connection to 'wss://sbx-notify.kedebahlite.com:4444/app/wwypulxmt0gisyx9bav4?protocol=7&client=js&version=8.4.0&flash=false' failed: WebSocket is closed before the connection is established. @ https://sbxkedebah-v2.npontu.com/build/assets/app-BQac9LSS.js:7
[ 7240388ms] [WARNING] WebSocket connection to 'wss://sbx-notify.kedebahlite.com:4444/app/wwypulxmt0gisyx9bav4?protocol=7&client=js&version=8.4.0&flash=false' failed: WebSocket is closed before the connection is established. @ https://sbxkedebah-v2.npontu.com/build/assets/app-BQac9LSS.js:7
[ 7300390ms] [WARNING] WebSocket connection to 'wss://sbx-notify.kedebahlite.com:4444/app/wwypulxmt0gisyx9bav4?protocol=7&client=js&version=8.4.0&flash=false' failed: WebSocket is closed before the connection is established. @ https://sbxkedebah-v2.npontu.com/build/assets/app-BQac9LSS.js:7
[ 7360390ms] [WARNING] WebSocket connection to 'wss://sbx-notify.kedebahlite.com:4444/app/wwypulxmt0gisyx9bav4?protocol=7&client=js&version=8.4.0&flash=false' failed: WebSocket is closed before the connection is established. @ https://sbxkedebah-v2.npontu.com/build/assets/app-BQac9LSS.js:7
[ 7420391ms] [WARNING] WebSocket connection to 'wss://sbx-notify.kedebahlite.com:4444/app/wwypulxmt0gisyx9bav4?protocol=7&client=js&version=8.4.0&flash=false' failed: WebSocket is closed before the connection is established. @ https://sbxkedebah-v2.npontu.com/build/assets/app-BQac9LSS.js:7
[ 7480393ms] [WARNING] WebSocket connection to 'wss://sbx-notify.kedebahlite.com:4444/app/wwypulxmt0gisyx9bav4?protocol=7&client=js&version=8.4.0&flash=false' failed: WebSocket is closed before the connection is established. @ https://sbxkedebah-v2.npontu.com/build/assets/app-BQac9LSS.js:7
[ 7540394ms] [WARNING] WebSocket connection to 'wss://sbx-notify.kedebahlite.com:4444/app/wwypulxmt0gisyx9bav4?protocol=7&client=js&version=8.4.0&flash=false' failed: WebSocket is closed before the connection is established. @ https://sbxkedebah-v2.npontu.com/build/assets/app-BQac9LSS.js:7
[ 7600393ms] [WARNING] WebSocket connection to 'wss://sbx-notify.kedebahlite.com:4444/app/wwypulxmt0gisyx9bav4?protocol=7&client=js&version=8.4.0&flash=false' failed: WebSocket is closed before the connection is established. @ https://sbxkedebah-v2.npontu.com/build/assets/app-BQac9LSS.js:7
[ 7660394ms] [WARNING] WebSocket connection to 'wss://sbx-notify.kedebahlite.com:4444/app/wwypulxmt0gisyx9bav4?protocol=7&client=js&version=8.4.0&flash=false' failed: WebSocket is closed before the connection is established. @ https://sbxkedebah-v2.npontu.com/build/assets/app-BQac9LSS.js:7
[ 7720395ms] [WARNING] WebSocket connection to 'wss://sbx-notify.kedebahlite.com:4444/app/wwypulxmt0gisyx9bav4?protocol=7&client=js&version=8.4.0&flash=false' failed: WebSocket is closed before the connection is established. @ https://sbxkedebah-v2.npontu.com/build/assets/app-BQac9LSS.js:7
[ 7780395ms] [WARNING] WebSocket connection to 'wss://sbx-notify.kedebahlite.com:4444/app/wwypulxmt0gisyx9bav4?protocol=7&client=js&version=8.4.0&flash=false' failed: WebSocket is closed before the connection is established. @ https://sbxkedebah-v2.npontu.com/build/assets/app-BQac9LSS.js:7
[ 7840396ms] [WARNING] WebSocket connection to 'wss://sbx-notify.kedebahlite.com:4444/app/wwypulxmt0gisyx9bav4?protocol=7&client=js&version=8.4.0&flash=false' failed: WebSocket is closed before the connection is established. @ https://sbxkedebah-v2.npontu.com/build/assets/app-BQac9LSS.js:7
[ 7900396ms] [WARNING] WebSocket connection to 'wss://sbx-notify.kedebahlite.com:4444/app/wwypulxmt0gisyx9bav4?protocol=7&client=js&version=8.4.0&flash=false' failed: WebSocket is closed before the connection is established. @ https://sbxkedebah-v2.npontu.com/build/assets/app-BQac9LSS.js:7
[ 7960395ms] [WARNING] WebSocket connection to 'wss://sbx-notify.kedebahlite.com:4444/app/wwypulxmt0gisyx9bav4?protocol=7&client=js&version=8.4.0&flash=false' failed: WebSocket is closed before the connection is established. @ https://sbxkedebah-v2.npontu.com/build/assets/app-BQac9LSS.js:7
[ 8020399ms] [WARNING] WebSocket connection to 'wss://sbx-notify.kedebahlite.com:4444/app/wwypulxmt0gisyx9bav4?protocol=7&client=js&version=8.4.0&flash=false' failed: WebSocket is closed before the connection is established. @ https://sbxkedebah-v2.npontu.com/build/assets/app-BQac9LSS.js:7
[ 8080399ms] [WARNING] WebSocket connection to 'wss://sbx-notify.kedebahlite.com:4444/app/wwypulxmt0gisyx9bav4?protocol=7&client=js&version=8.4.0&flash=false' failed: WebSocket is closed before the connection is established. @ https://sbxkedebah-v2.npontu.com/build/assets/app-BQac9LSS.js:7
[ 8140402ms] [WARNING] WebSocket connection to 'wss://sbx-notify.kedebahlite.com:4444/app/wwypulxmt0gisyx9bav4?protocol=7&client=js&version=8.4.0&flash=false' failed: WebSocket is closed before the connection is established. @ https://sbxkedebah-v2.npontu.com/build/assets/app-BQac9LSS.js:7
[ 8200407ms] [WARNING] WebSocket connection to 'wss://sbx-notify.kedebahlite.com:4444/app/wwypulxmt0gisyx9bav4?protocol=7&client=js&version=8.4.0&flash=false' failed: WebSocket is closed before the connection is established. @ https://sbxkedebah-v2.npontu.com/build/assets/app-BQac9LSS.js:7
[ 8251534ms] [WARNING] WebSocket connection to 'wss://sbx-notify.kedebahlite.com:4444/app/wwypulxmt0gisyx9bav4?protocol=7&client=js&version=8.4.0&flash=false' failed: WebSocket is closed before the connection is established. @ https://sbxkedebah-v2.npontu.com/build/assets/app-BQac9LSS.js:7
[ 8256478ms] [ERROR] WebSocket connection to 'wss://sbx-notify.kedebahlite.com:4444/app/wwypulxmt0gisyx9bav4?protocol=7&client=js&version=8.4.0&flash=false' failed: Error in connection establishment: net::ERR_NAME_NOT_RESOLVED @ https://sbxkedebah-v2.npontu.com/build/assets/app-BQac9LSS.js:8
[ 8272000ms] [WARNING] WebSocket connection to 'wss://sbx-notify.kedebahlite.com:4444/app/wwypulxmt0gisyx9bav4?protocol=7&client=js&version=8.4.0&flash=false' failed: WebSocket is closed before the connection is established. @ https://sbxkedebah-v2.npontu.com/build/assets/app-BQac9LSS.js:7
[ 8302002ms] [WARNING] WebSocket connection to 'wss://sbx-notify.kedebahlite.com:4444/app/wwypulxmt0gisyx9bav4?protocol=7&client=js&version=8.4.0&flash=false' failed: WebSocket is closed before the connection is established. @ https://sbxkedebah-v2.npontu.com/build/assets/app-BQac9LSS.js:7
[ 8362003ms] [WARNING] WebSocket connection to 'wss://sbx-notify.kedebahlite.com:4444/app/wwypulxmt0gisyx9bav4?protocol=7&client=js&version=8.4.0&flash=false' failed: WebSocket is closed before the connection is established. @ https://sbxkedebah-v2.npontu.com/build/assets/app-BQac9LSS.js:7
[ 8422003ms] [WARNING] WebSocket connection to 'wss://sbx-notify.kedebahlite.com:4444/app/wwypulxmt0gisyx9bav4?protocol=7&client=js&version=8.4.0&flash=false' failed: WebSocket is closed before the connection is established. @ https://sbxkedebah-v2.npontu.com/build/assets/app-BQac9LSS.js:7
[ 8482005ms] [WARNING] WebSocket connection to 'wss://sbx-notify.kedebahlite.com:4444/app/wwypulxmt0gisyx9bav4?protocol=7&client=js&version=8.4.0&flash=false' failed: WebSocket is closed before the connection is established. @ https://sbxkedebah-v2.npontu.com/build/assets/app-BQac9LSS.js:7
[ 8542007ms] [WARNING] WebSocket connection to 'wss://sbx-notify.kedebahlite.com:4444/app/wwypulxmt0gisyx9bav4?protocol=7&client=js&version=8.4.0&flash=false' failed: WebSocket is closed before the connection is established. @ https://sbxkedebah-v2.npontu.com/build/assets/app-BQac9LSS.js:7
[ 8602010ms] [WARNING] WebSocket connection to 'wss://sbx-notify.kedebahlite.com:4444/app/wwypulxmt0gisyx9bav4?protocol=7&client=js&version=8.4.0&flash=false' failed: WebSocket is closed before the connection is established. @ https://sbxkedebah-v2.npontu.com/build/assets/app-BQac9LSS.js:7
[ 8642871ms] [WARNING] WebSocket connection to 'wss://sbx-notify.kedebahlite.com:4444/app/wwypulxmt0gisyx9bav4?protocol=7&client=js&version=8.4.0&flash=false' failed: WebSocket is closed before the connection is established. @ https://sbxkedebah-v2.npontu.com/build/assets/app-BQac9LSS.js:7
[ 8657876ms] [WARNING] WebSocket connection to 'wss://sbx-notify.kedebahlite.com:4444/app/wwypulxmt0gisyx9bav4?protocol=7&client=js&version=8.4.0&flash=false' failed: WebSocket is closed before the connection is established. @ https://sbxkedebah-v2.npontu.com/build/assets/app-BQac9LSS.js:7
[ 8687880ms] [WARNING] WebSocket connection to 'wss://sbx-notify.kedebahlite.com:4444/app/wwypulxmt0gisyx9bav4?protocol=7&client=js&version=8.4.0&flash=false' failed: WebSocket is closed before the connection is established. @ https://sbxkedebah-v2.npontu.com/build/assets/app-BQac9LSS.js:7
[ 8747891ms] [WARNING] WebSocket connection to 'wss://sbx-notify.kedebahlite.com:4444/app/wwypulxmt0gisyx9bav4?protocol=7&client=js&version=8.4.0&flash=false' failed: WebSocket is closed before the connection is established. @ https://sbxkedebah-v2.npontu.com/build/assets/app-BQac9LSS.js:7
[ 8807905ms] [WARNING] WebSocket connection to 'wss://sbx-notify.kedebahlite.com:4444/app/wwypulxmt0gisyx9bav4?protocol=7&client=js&version=8.4.0&flash=false' failed: WebSocket is closed before the connection is established. @ https://sbxkedebah-v2.npontu.com/build/assets/app-BQac9LSS.js:7
[ 8867909ms] [WARNING] WebSocket connection to 'wss://sbx-notify.kedebahlite.com:4444/app/wwypulxmt0gisyx9bav4?protocol=7&client=js&version=8.4.0&flash=false' failed: WebSocket is closed before the connection is established. @ https://sbxkedebah-v2.npontu.com/build/assets/app-BQac9LSS.js:7
[ 8927911ms] [WARNING] WebSocket connection to 'wss://sbx-notify.kedebahlite.com:4444/app/wwypulxmt0gisyx9bav4?protocol=7&client=js&version=8.4.0&flash=false' failed: WebSocket is closed before the connection is established. @ https://sbxkedebah-v2.npontu.com/build/assets/app-BQac9LSS.js:7
[ 8987913ms] [WARNING] WebSocket connection to 'wss://sbx-notify.kedebahlite.com:4444/app/wwypulxmt0gisyx9bav4?protocol=7&client=js&version=8.4.0&flash=false' failed: WebSocket is closed before the connection is established. @ https://sbxkedebah-v2.npontu.com/build/assets/app-BQac9LSS.js:7
[ 9047913ms] [WARNING] WebSocket connection to 'wss://sbx-notify.kedebahlite.com:4444/app/wwypulxmt0gisyx9bav4?protocol=7&client=js&version=8.4.0&flash=false' failed: WebSocket is closed before the connection is established. @ https://sbxkedebah-v2.npontu.com/build/assets/app-BQac9LSS.js:7
[ 9107924ms] [WARNING] WebSocket connection to 'wss://sbx-notify.kedebahlite.com:4444/app/wwypulxmt0gisyx9bav4?protocol=7&client=js&version=8.4.0&flash=false' failed: WebSocket is closed before the connection is established. @ https://sbxkedebah-v2.npontu.com/build/assets/app-BQac9LSS.js:7
[ 9167934ms] [WARNING] WebSocket connection to 'wss://sbx-notify.kedebahlite.com:4444/app/wwypulxmt0gisyx9bav4?protocol=7&client=js&version=8.4.0&flash=false' failed: WebSocket is closed before the connection is established. @ https://sbxkedebah-v2.npontu.com/build/assets/app-BQac9LSS.js:7
[ 9227935ms] [WARNING] WebSocket connection to 'wss://sbx-notify.kedebahlite.com:4444/app/wwypulxmt0gisyx9bav4?protocol=7&client=js&version=8.4.0&flash=false' failed: WebSocket is closed before the connection is established. @ https://sbxkedebah-v2.npontu.com/build/assets/app-BQac9LSS.js:7
[ 9287935ms] [WARNING] WebSocket connection to 'wss://sbx-notify.kedebahlite.com:4444/app/wwypulxmt0gisyx9bav4?protocol=7&client=js&version=8.4.0&flash=false' failed: WebSocket is closed before the connection is established. @ https://sbxkedebah-v2.npontu.com/build/assets/app-BQac9LSS.js:7
[ 9347941ms] [WARNING] WebSocket connection to 'wss://sbx-notify.kedebahlite.com:4444/app/wwypulxmt0gisyx9bav4?protocol=7&client=js&version=8.4.0&flash=false' failed: WebSocket is closed before the connection is established. @ https://sbxkedebah-v2.npontu.com/build/assets/app-BQac9LSS.js:7
[ 9407942ms] [WARNING] WebSocket connection to 'wss://sbx-notify.kedebahlite.com:4444/app/wwypulxmt0gisyx9bav4?protocol=7&client=js&version=8.4.0&flash=false' failed: WebSocket is closed before the connection is established. @ https://sbxkedebah-v2.npontu.com/build/assets/app-BQac9LSS.js:7
[ 9467944ms] [WARNING] WebSocket connection to 'wss://sbx-notify.kedebahlite.com:4444/app/wwypulxmt0gisyx9bav4?protocol=7&client=js&version=8.4.0&flash=false' failed: WebSocket is closed before the connection is established. @ https://sbxkedebah-v2.npontu.com/build/assets/app-BQac9LSS.js:7
[ 9527946ms] [WARNING] WebSocket connection to 'wss://sbx-notify.kedebahlite.com:4444/app/wwypulxmt0gisyx9bav4?protocol=7&client=js&version=8.4.0&flash=false' failed: WebSocket is closed before the connection is established. @ https://sbxkedebah-v2.npontu.com/build/assets/app-BQac9LSS.js:7
[ 9587948ms] [WARNING] WebSocket connection to 'wss://sbx-notify.kedebahlite.com:4444/app/wwypulxmt0gisyx9bav4?protocol=7&client=js&version=8.4.0&flash=false' failed: WebSocket is closed before the connection is established. @ https://sbxkedebah-v2.npontu.com/build/assets/app-BQac9LSS.js:7
[ 9647951ms] [WARNING] WebSocket connection to 'wss://sbx-notify.kedebahlite.com:4444/app/wwypulxmt0gisyx9bav4?protocol=7&client=js&version=8.4.0&flash=false' failed: WebSocket is closed before the connection is established. @ https://sbxkedebah-v2.npontu.com/build/assets/app-BQac9LSS.js:7
[ 9707953ms] [WARNING] WebSocket connection to 'wss://sbx-notify.kedebahlite.com:4444/app/wwypulxmt0gisyx9bav4?protocol=7&client=js&version=8.4.0&flash=false' failed: WebSocket is closed before the connection is established. @ https://sbxkedebah-v2.npontu.com/build/assets/app-BQac9LSS.js:7
[ 9767956ms] [WARNING] WebSocket connection to 'wss://sbx-notify.kedebahlite.com:4444/app/wwypulxmt0gisyx9bav4?protocol=7&client=js&version=8.4.0&flash=false' failed: WebSocket is closed before the connection is established. @ https://sbxkedebah-v2.npontu.com/build/assets/app-BQac9LSS.js:7
[ 9827957ms] [WARNING] WebSocket connection to 'wss://sbx-notify.kedebahlite.com:4444/app/wwypulxmt0gisyx9bav4?protocol=7&client=js&version=8.4.0&flash=false' failed: WebSocket is closed before the connection is established. @ https://sbxkedebah-v2.npontu.com/build/assets/app-BQac9LSS.js:7
[ 9887957ms] [WARNING] WebSocket connection to 'wss://sbx-notify.kedebahlite.com:4444/app/wwypulxmt0gisyx9bav4?protocol=7&client=js&version=8.4.0&flash=false' failed: WebSocket is closed before the connection is established. @ https://sbxkedebah-v2.npontu.com/build/assets/app-BQac9LSS.js:7
[ 9947958ms] [WARNING] WebSocket connection to 'wss://sbx-notify.kedebahlite.com:4444/app/wwypulxmt0gisyx9bav4?protocol=7&client=js&version=8.4.0&flash=false' failed: WebSocket is closed before the connection is established. @ https://sbxkedebah-v2.npontu.com/build/assets/app-BQac9LSS.js:7
[10007960ms] [WARNING] WebSocket connection to 'wss://sbx-notify.kedebahlite.com:4444/app/wwypulxmt0gisyx9bav4?protocol=7&client=js&version=8.4.0&flash=false' failed: WebSocket is closed before the connection is established. @ https://sbxkedebah-v2.npontu.com/build/assets/app-BQac9LSS.js:7
[10067969ms] [WARNING] WebSocket connection to 'wss://sbx-notify.kedebahlite.com:4444/app/wwypulxmt0gisyx9bav4?protocol=7&client=js&version=8.4.0&flash=false' failed: WebSocket is closed before the connection is established. @ https://sbxkedebah-v2.npontu.com/build/assets/app-BQac9LSS.js:7
[10127973ms] [WARNING] WebSocket connection to 'wss://sbx-notify.kedebahlite.com:4444/app/wwypulxmt0gisyx9bav4?protocol=7&client=js&version=8.4.0&flash=false' failed: WebSocket is closed before the connection is established. @ https://sbxkedebah-v2.npontu.com/build/assets/app-BQac9LSS.js:7
[10187975ms] [WARNING] WebSocket connection to 'wss://sbx-notify.kedebahlite.com:4444/app/wwypulxmt0gisyx9bav4?protocol=7&client=js&version=8.4.0&flash=false' failed: WebSocket is closed before the connection is established. @ https://sbxkedebah-v2.npontu.com/build/assets/app-BQac9LSS.js:7
[10247975ms] [WARNING] WebSocket connection to 'wss://sbx-notify.kedebahlite.com:4444/app/wwypulxmt0gisyx9bav4?protocol=7&client=js&version=8.4.0&flash=false' failed: WebSocket is closed before the connection is established. @ https://sbxkedebah-v2.npontu.com/build/assets/app-BQac9LSS.js:7
[10307975ms] [WARNING] WebSocket connection to 'wss://sbx-notify.kedebahlite.com:4444/app/wwypulxmt0gisyx9bav4?protocol=7&client=js&version=8.4.0&flash=false' failed: WebSocket is closed before the connection is established. @ https://sbxkedebah-v2.npontu.com/build/assets/app-BQac9LSS.js:7
[10367975ms] [WARNING] WebSocket connection to 'wss://sbx-notify.kedebahlite.com:4444/app/wwypulxmt0gisyx9bav4?protocol=7&client=js&version=8.4.0&flash=false' failed: WebSocket is closed before the connection is established. @ https://sbxkedebah-v2.npontu.com/build/assets/app-BQac9LSS.js:7
[10395354ms] [ERROR] Failed to load resource: the server responded with a status of 419 () @ https://sbxkedebah-v2.npontu.com/R-2171-WRY/clients/select-module:0
[10427976ms] [WARNING] WebSocket connection to 'wss://sbx-notify.kedebahlite.com:4444/app/wwypulxmt0gisyx9bav4?protocol=7&client=js&version=8.4.0&flash=false' failed: WebSocket is closed before the connection is established. @ https://sbxkedebah-v2.npontu.com/build/assets/app-BQac9LSS.js:7
[10487975ms] [WARNING] WebSocket connection to 'wss://sbx-notify.kedebahlite.com:4444/app/wwypulxmt0gisyx9bav4?protocol=7&client=js&version=8.4.0&flash=false' failed: WebSocket is closed before the connection is established. @ https://sbxkedebah-v2.npontu.com/build/assets/app-BQac9LSS.js:7
